=‾=‾=‾=‾=‾=‾=‾=‾=‾=‾=‾= PuTTY log 2026.06.11 14:59:48 =‾=‾=‾=‾=‾=‾=‾=‾=‾=‾=‾=
[    3.375665] ina3221x 0-0042: ina3221 reset failure status: 0xffffff87
[    3.376052] ina3221x 0-0043: ina3221 reset failure status: 0xffffff87
[    4.559781] Kernel panic - not syncing: Attempted to kill init! exitcode=0x00007f00
[    4.559781] 
[    4.568979] CPU: 2 PID: 1 Comm: chroot Not tainted 4.9.337-tegra #1
[    4.575293] Hardware name: storm (DT)
[    4.578987] Call trace:
[    4.581491] [<        (ptrval)>] dump_backtrace+0x0/0x198
[    4.586931] [<        (ptrval)>] show_stack+0x24/0x30
[    4.592017] [<        (ptrval)>] dump_stack+0xa0/0xc4
[    4.597109] [<        (ptrval)>] panic+0x128/0x2a4
[    4.598166] hid-generic 0003:0461:4E04.0003: input,hidraw2: USB HID v1.10 Device [NOVATEK USB NETVISTA FULL WIDTH KEYBOARD] on usb-3530000.xhci-2.2/input1
[    4.615819] [<        (ptrval)>] complete_and_exit+0x0/0x30
[    4.621438] [<        (ptrval)>] do_group_exit+0x40/0xa8
[    4.626786] [<        (ptrval)>] __wake_up_parent+0x0/0x40
[    4.632311] [<        (ptrval)>] el0_svc_naked+0x34/0x38
[    4.637668] SMP: stopping secondary CPUs
[    4.641631] Kernel Offset: disabled
[    4.645140] Memory Limit: none
[    4.648212] trusty-log panic notifier - trusty version Built: 16:08:32 Jun 11 2024 [    4.664549] Rebooting in 5 seconds..
[0000.043] C> I2C command failed
[0000.046] C> block index = (4) and rail_id = (1)
[0000.051] C> Addr: Reg = [0xe8:0x07]: 336166925
[0000.055] C> I2C command failed
[0000.058] C> block index = (5) and rail_id = (1)
[0000.063] C> Addr: Reg = [0xe8:0x07]: 336166925
[0000.210] I> Welcome to MB2(TBoot-BPMP)(version: 01.00.160913-t186-M-00.00-mobile-4f229333)
[0000.218] I> Boot-device: eMMC
[0000.226] I> sdmmc bdev is already initialized
[0000.230] I> pmic: reset reason (nverc): 0x0
[0000.263] I> Found 19 partitions in SDMMC_BOOT (instance 3)
[0000.283] I> Found 34 partitions in SDMMC_USER (instance 3)
[0000.289] I> MB2 check ECC error: EMC_INTSTATUS_0: 0x10
[0000.294] I> MB2 check ECC error: EMC_INTSTATUS_0: 0x0
[0000.299] I> MB2 check ECC error: EMC_INTSTATUS_0: 0x10
[0000.304] I> MB2 check ECC error: EMC_INTSTATUS_0: 0x0
[0000.309] I> OEM carveouts init scrub in progress...
[0000.385] I> MB2 check ECC error: EMC_INTSTATUS_0: 0x10
[0000.390] I> MB2 check ECC error: EMC_INTSTATUS_0: 0x0
[0000.395] I> MB2 check ECC error: EMC_INTSTATUS_0: 0x10
[0000.400] I> MB2 check ECC error: EMC_INTSTATUS_0: 0x0
[0000.405] I> Mb2 SDRAM scrub successful
[0000.409] I> A/B: bin_type (16) slot 1
[0000.413] I> Loading partition bpmp-fw_b at 0xd7800000
[0000.418] I> Reading two headers - addr:0xd7800000 blocks:1
[0000.423] I> Addr: 0xd7800000, start-block: 58778816, num_blocks: 1
[0000.448] I> Binary(16) of size 534416 is loaded @ 0xd7800000
[0000.453] I> A/B: bin_type (17) slot 1
[0000.457] I> Loading partition bpmp-fw-dtb_b at 0xd79f0000
[0000.462] I> Reading two headers - addr:0xd79f0000 blocks:1
[0000.468] I> Addr: 0xd79f0000, start-block: 58782072, num_blocks: 1
[0000.487] I> Binary(17) of size 113712 is loaded @ 0xd79e4200
[0000.539] I> Loading SCE-FW ...
[0000.542] I> A/B: bin_type (12) slot 1
[0000.546] I> Loading partition sce-fw_b at 0xd7300000
[0000.551] I> Reading two headers - addr:0xd7300000 blocks:1
[0000.556] I> Addr: 0xd7300000, start-block: 58788216, num_blocks: 1
[0000.575] I> Binary(12) of size 125632 is loaded @ 0xd7300000
[0000.581] I> Init SCE
[0000.583] I> Loading APE-FW ...
[0000.586] I> A/B: bin_type (11) slot 1
[0000.590] I> Loading partition adsp-fw_b at 0xd7400000
[0000.595] I> Reading two headers - addr:0xd7400000 blocks:1
[0000.600] I> Addr: 0xd7400000, start-block: 58769416, num_blocks: 1
[0000.619] I> Binary(11) of size 77216 is loaded @ 0xd7400000
[0000.625] I> Copy BTCM section
[0000.628] I> A/B: bin_type (13) slot 1
[0000.632] I> Loading partition cpu-bootloader_b at 0x96000000
[0000.637] I> Reading two headers - addr:0x96000000 blocks:1
[0000.643] I> Addr: 0x96000000, start-block: 58741768, num_blocks: 1
[0000.664] I> Binary(13) of size 309648 is loaded @ 0x96000000
[0000.670] I> A/B: bin_type (20) slot 1
[0000.673] I> Loading partition bootloader-dtb_b at 0x85205400
[0000.679] I> Reading two headers - addr:0x85205400 blocks:1
[0000.684] I> Addr: 0x85205400, start-block: 58743816, num_blocks: 1
[0000.704] I> Binary(20) of size 237056 is loaded @ 0x85205400
[0000.710] I> A/B: bin_type (14) slot 1
[0000.714] I> Loading partition secure-os_b at 0x85305600
[0000.719] I> Reading two headers - addr:0x85305600 blocks:1
[0000.724] I> Addr: 0x85305600, start-block: 58750984, num_blocks: 1
[0000.747] I> Binary(14) of size 406960 is loaded @ 0x85305600
[0000.754] I> TOS boot-params @ 0x85000000
[0000.758] I> TOS params prepared
[0000.761] I> Loading EKS ...
[0000.764] I> A/B: bin_type (15) slot 0
[0000.768] I> Loading partition eks at 0x85905800
[0000.772] I> Reading two headers - addr:0x85905800 blocks:1
[0000.777] I> Addr: 0x85905800, start-block: 58757128, num_blocks: 1
[0000.796] I> Binary(15) of size 1040 is loaded @ 0x85905800
[0000.802] I> EKB detected (length: 0x400) @ 0x85905800
[0000.807] I> Copied encrypted keys
[0000.811] I> boot profiler @ 0x235844000
[0000.814] I> boot profiler for TOS @ 0x235844000
[0000.819] I> Unhalting SCE
[0000.822] I> Primary Memory Start:80000000 Size:70000000
[0000.827] I> Extended Memory Start:f0110000 Size:1456f0000
[0000.834] I> MB2(TBoot-BPMP) done

NOTICE:  BL31: v1.3(release):c67386022
NOTICE:  BL31: Built : 16:06:30, Jun 11 2024
ipc-unittest-main: 1519: Welcome to IPC unittest!!!
ipc-unittest-main: 1531: waiting forever
ipc-unittest-srv: 329: Init unittest services!!!
hwkey-agent: 41: hwkey-agent is running!!
hwkey-agent: 347: key_mgnt_processing .......
hwkey-agent: 255: Setting EKB key 0 to slot 14
hwkey-agent: 178: Init hweky-agent services!!
luks-srv: 40: luks-srv is running!!
luks-srv: 157: Init luks-srv IPC services!!
platform_bootstrap_epilog: trusty bootstrap complete
[0001.035] I> Welcome to Cboot
[0001.038] I> Cboot Version: t186-8828c893
[0001.041] I> CPU-BL Params @ 0x235800000
[0001.045] I> Dram Scrub in progress
[0001.689] I> DRAM Scrub Successful
[0001.692] I>  0) Base:0x00000000 Size:0x00000000
[0001.696] I>  1) Base:0x237f00000 Size:0x00100000
[0001.701] I>  2) Base:0x237e00000 Size:0x00100000
[0001.705] I>  3) Base:0x237d00000 Size:0x00100000
[0001.710] I>  4) Base:0x237c00000 Size:0x00100000
[0001.714] I>  5) Base:0x237b00000 Size:0x00100000
[0001.719] I>  6) Base:0x237800000 Size:0x00200000
[0001.723] I>  7) Base:0x237400000 Size:0x00400000
[0001.728] I>  8) Base:0x237a00000 Size:0x00100000
[0001.732] I>  9) Base:0x237300000 Size:0x00100000
[0001.737] I> 10) Base:0x236800000 Size:0x00800000
[0001.741] I> 11) Base:0x30000000 Size:0x00040000
[0001.746] I> 12) Base:0xf0000000 Size:0x00100000
[0001.750] I> 13) Base:0x30040000 Size:0x00001000
[0001.755] I> 14) Base:0x30048000 Size:0x00001000
[0001.759] I> 15) Base:0x30049000 Size:0x00001000
[0001.764] I> 16) Base:0x3004a000 Size:0x00001000
[0001.768] I> 17) Base:0x3004b000 Size:0x00001000
[0001.772] I> 18) Base:0x3004c000 Size:0x00001000
[0001.777] I> 19) Base:0x3004d000 Size:0x00001000
[0001.781] I> 20) Base:0x3004e000 Size:0x00001000
[0001.786] I> 21) Base:0x3004f000 Size:0x00001000
[0001.790] I> 22) Base:0x00000000 Size:0x00000000
[0001.795] I> 23) Base:0xf0100000 Size:0x00010000
[0001.799] I> 24) Base:0x00000000 Size:0x00000000
[0001.803] I> 25) Base:0x00000000 Size:0x00000000
[0001.808] I> 26) Base:0x00000000 Size:0x00000000
[0001.812] I> 27) Base:0x00000000 Size:0x00000000
[0001.817] I> 28) Base:0x84400000 Size:0x00400000
[0001.821] I> 29) Base:0x30000000 Size:0x00010000
[0001.826] I> 30) Base:0x238000000 Size:0x08000000
[0001.830] I> 31) Base:0x00000000 Size:0x00000000
[0001.834] I> 32) Base:0x236000000 Size:0x00600000
[0001.839] I> 33) Base:0x80000000 Size:0x70000000
[0001.843] I> 34) Base:0xf0110000 Size:0x1456f0000
[0001.848] I> 35) Base:0x00000000 Size:0x00000000
[0001.852] I> 36) Base:0x00000000 Size:0x00000000
[0001.857] I> 37) Base:0x2372e0000 Size:0x00020000
[0001.861] I> 38) Base:0x84000000 Size:0x00400000
[0001.866] I> 39) Base:0x96000000 Size:0x02000000
[0001.870] I> 40) Base:0x85000000 Size:0x01200000
[0001.875] I> 41) Base:0x235800000 Size:0x00500000
[0001.879] I> 42) Base:0x00000000 Size:0x00000000
[0001.884] I> 43) Base:0x00000000 Size:0x00000000
[0001.888] GIC-SPI Target CPU: 4
[0001.891] Interrupts Init done
[0001.894] calling constructors
[0001.898] initializing heap
[0001.900] initializing threads
[0001.903] initializing timers
[0001.907] creating bootstrap completion thread
[0001.911] top of bootstrap2()
[0001.914] CPU: ARM Cortex A57
[0001.917] CPU: MIDR: 0x411FD073, MPIDR: 0x80000100
[0001.923] initializing platform
[0001.926] I> Bl_dtb @0x85205400
[0001.929] I> gpio framework initialized
[0001.934] I> tegrabl_gpio_driver_register: register 'nvidia,tegra186-gpio' driver
[0001.943] I> tegrabl_gpio_driver_register: register 'nvidia,tegra186-gpio-aon' driver
[0001.951] I> GPIO framework and drivers are initialized.
[0001.956] I> Boot-device: eMMC
[0001.963] I> sdmmc bdev is already initialized
[0001.993] I> Found 19 partitions in SDMMC_BOOT (instance 3)
[0002.011] I> Found 34 partitions in SDMMC_USER (instance 3)
[0002.017] W> opt-in fuse is not set, skip fuse_burning
[0002.021] I> Reserved memory at 0xfbe00000 for U-Boot relocation
[0002.033] I> A/B: bin_type (21) slot 1
[0002.037] I> Loading kernel-dtb_b from partition
[0002.041] I> Loading partition kernel-dtb_b at 0x80000000 from device(0x1)
[0002.058] I> Kernel_dtb @0x80000000
[0002.061] I> tegrabl_tca9539_init: i2c bus: 0, slave addr: 0xee
[0002.070] E> I2C: slave not found in slaves.
[0002.074] E> I2C: Could not write 0 bytes to slave: 0x00ee with repeat start false.
[0002.081] E> I2C_DEV: Failed to send register address 0x00000004.
[0002.087] E> I2C_DEV: Could not write 1 registers of size 1 to slave 0xee at 0x00000004 via instance 0.
[0002.097] E> tca9539_device_init: failed to write polar reg
[0002.102] E> tegrabl_tca9539_init: failed to init device!
[0002.107] I> tegrabl_tca9539_init: i2c bus: 0, slave addr: 0xe8
[0002.114] E> I2C: slave not found in slaves.
[0002.118] E> I2C: Could not write 0 bytes to slave: 0x00e8 with repeat start false.
[0002.126] E> I2C_DEV: Failed to send register address 0x00000004.
[0002.132] E> I2C_DEV: Could not write 1 registers of size 1 to slave 0xe8 at 0x00000004 via instance 0.
[0002.141] E> tca9539_device_init: failed to write polar reg
[0002.146] E> tegrabl_tca9539_init: failed to init device!
[0002.153] I> fixed regulator driver initialized
[0002.177] I> register 'maxim' power off handle
[0002.182] I> virtual i2c enabled
[0002.186] I> registered 'maxim,max77620' pmic
[0002.190] I> tegrabl_gpio_driver_register: register 'max77620-gpio' driver
[0002.200] E> failed to read label property for node 204284: 13
[0002.207] E> failed to read reg property for node 204380: 13
[0002.214] E> failed to read reg property for node 204432: 13
[0002.221] E> failed to read label property for node 204516: 13
[0002.228] E> failed to read label property for node 204584: 13
[0002.235] E> failed to read reg property for node 204652: 13
[0002.242] E> failed to read reg property for node 204724: 13
[0002.250] I> Find /i2c@c250000's alias i2c7
[0002.254] I> Reading eeprom i2c=7 address=0x50
[0002.283] I> Device at /i2c@c250000:0x50
[0002.287] I> Reading eeprom i2c=7 address=0x57
[0002.291] E> I2C: slave not found in slaves.
[0002.295] E> I2C: Could not write 0 bytes to slave: 0x00ae with repeat start true.
[0002.303] E> I2C_DEV: Failed to send register address 0x00000000.
[0002.309] E> I2C_DEV: Could not read 256 registers of size 1 from slave 0xae at 0x00000000 via instance 7.
[0002.318] E> eeprom: Failed to read I2C slave device
[0002.323] I> Eeprom read failed 0x3526070d
[0002.328] I> Find /i2c@c240000's alias i2c1
[0002.332] I> Reading eeprom i2c=1 address=0x51
[0002.337] E> I2C: slave not found in slaves.
[0002.341] E> I2C: Could not write 0 bytes to slave: 0x00a2 with repeat start true.
[0002.349] E> I2C_DEV: Failed to send register address 0x00000000.
[0002.354] E> I2C_DEV: Could not read 256 registers of size 1 from slave 0xa2 at 0x00000000 via instance 1.
[0002.364] E> eeprom: Retry to read I2C slave device.
[0002.369] E> I2C: slave not found in slaves.
[0002.373] E> I2C: Could not write 0 bytes to slave: 0x00a2 with repeat start true.
[0002.381] E> I2C_DEV: Failed to send register address 0x00000000.
[0002.387] E> I2C_DEV: Could not read 256 registers of size 1 from slave 0xa2 at 0x00000000 via instance 1.
[0002.396] E> eeprom: Failed to read I2C slave device
[0002.401] I> Eeprom read failed 0x3526070d
[0002.405] I> Find /i2c@3160000's alias i2c0
[0002.409] I> Reading eeprom i2c=0 address=0x50
[0002.414] E> I2C: slave not found in slaves.
[0002.418] E> I2C: Could not write 0 bytes to slave: 0x00a0 with repeat start true.
[0002.425] E> I2C_DEV: Failed to send register address 0x00000000.
[0002.431] E> I2C_DEV: Could not read 256 registers of size 1 from slave 0xa0 at 0x00000000 via instance 0.
[0002.441] E> eeprom: Failed to read I2C slave device
[0002.446] I> Eeprom read failed 0x3526070d
[0002.450] I> Find /i2c@3180000's alias i2c2
[0002.454] I> Reading eeprom i2c=2 address=0x54
[0002.458] I> Enabling gpio chip_id = 2, gpio pin = 9
[0002.463] C> GPIO driver for chip_id 0x2 could not be found
[0002.469] E> cam_eeprom_read: Can't get gpio driver
[0002.473] I> Eeprom read failed 0x4d4d000d
[0002.477] I> Reading eeprom i2c=2 address=0x57
[0002.481] I> Enabling gpio chip_id = 2, gpio pin = 9
[0002.486] C> GPIO driver for chip_id 0x2 could not be found
[0002.492] E> cam_eeprom_read: Can't get gpio driver
[0002.496] I> Eeprom read failed 0x4d4d000d
[0002.500] I> create_pm_ids: id: 3489-0000-311-J, len: 15
[0002.505] I> config: mem-type:00,power-config:00,misc-config:00,modem-config:00,touch-config:00,display-config:00,, len: 93
[0002.529] I> regulator 'vdd-hdmi' already enabled
[0002.542] I> regulator 'vdd-hdmi' already enabled
[0002.546] I> hdmi cable connected
[0002.551] I> setting 'vdd-pex-1v00' regulator to 1000000 micro volts
[0002.559] I> setting 'vdd-1v8' regulator to 1800000 micro volts
[0002.565] I> retrieved tmds range from prod_list_hdmi_soc
[0002.571] E> cannot find any other nvdisp nodes
[0002.591] I> edid read success
[0002.606] I> edid read success
[0002.609] I> width = 640, height = 480, frequency = 25174825
[0002.615] I> width = 640, height = 480, frequency = 25174825
[0002.620] I> width = 1920, height = 1080, frequency = 148500000
[0002.626] I> width = 1920, height = 1080, frequency = 148500000
[0002.631] I> width = 1920, height = 1080, frequency = 148351648
[0002.637] I> width = 1280, height = 720, frequency = 74175824
[0002.643] I> width = 720, height = 480, frequency = 26973026
[0002.648] I> width = 720, height = 480, frequency = 26973026
[0002.654] I> width = 640, height = 480, frequency = 25174825
[0002.659] I> width = 1920, height = 1080, frequency = 148351648
[0002.665] I> width = 720, height = 576, frequency = 26973026
[0002.670] I> width = 1280, height = 720, frequency = 74175824
[0002.676] I> Best mode Width = 1920, Height = 1080, freq = 148351648
[0002.686] I> hdmi_enable, starting HDMI initialisation
[0002.694] I> hdmi_enable, HDMI initialisation complete
[0002.707] initializing target
[0002.710] calling apps_init()
[0002.713] starting app kernel_boot_app
[0002.735] I> found decompressor handler: lz4-legacy
[0002.740] I> decompressing BMP blob ...
[0002.812] I> Kernel type = Normal
[0002.815] I> ########## Fixed storage boot ##########
[0002.820] I> Loading kernel-bootctrl from partition
[0002.824] I> Loading partition kernel-bootctrl at 0xa8000000 from device(0x1)
[0002.838] W> tegrabl_get_kernel_bootctrl: magic number(0x00000000) is invalid
[0002.845] W> tegrabl_get_kernel_bootctrl: use default dummy boot control data
[0002.852] I> A/B: bin_type (24) slot 1
[0002.868] I> Boot image size read from image header: 990e5
[0002.873] I> Boot image load address: 0x80400000
[0002.878] I> Loading kernel_b from partition
[0002.882] I> Loading partition kernel_b at 0x80400000 from device(0x1)
[0003.844] I> Validate kernel ...
[0003.847] I> T18x: Authenticate kernel (bin_type 24), max size 0x4000000
[0003.854] I> Decrypt the buffer ... [0003.858] W> tegrabl_decrypt_block: fuse (0x0) is not burnt to do encryption (0x4); skip decryption.
[0003.867] I> done
[0003.868] I> Checking boot.img header magic ... [0003.873] I> [OK]
[0003.874] I> kernel-dtb is already loaded
[0003.878] I> Validate kernel-dtb ...
[0003.882] I> T18x: Authenticate kernel-dtb (bin_type 21), max size 0x100000
[0003.889] I> Decrypt the buffer ... [0003.892] W> tegrabl_decrypt_block: fuse (0x0) is not burnt to do encryption (0x4); skip decryption.
[0003.901] I> done
[0003.903] I> Kernel hdr @0x80400000
[0003.906] I> Kernel dtb @0x80000000
[0003.909] I> decompressor handler not found
[0003.913] I> Copying kernel image (626917 bytes) from 0x80400800 to 0x80600000 ... [0003.921] I> Done
[0003.923] I> Move ramdisk (len: 0) from 0x8049a000 to 0x947d0000
[0003.930] I> Updated bpmp info to DTB
[0003.934] I> Ramdisk: Base: 0x947d0000; Size: 0x0
[0003.939] I> Updated initrd info to DTB
[0003.943] W> WARN: Fail to override "console=none" in commandline
[0003.949] I> Active rootfs suffix: _b
[0003.952] W> tegrabl_linuxboot_add_disp_param, du 1 failed to get display params
[0003.959] W> tegrabl_linuxboot_add_disp_param, du 1 failed to get display params
[0003.966] I> disabled_core_mask: 0xffffff0c
[0003.970] I> Active slot suffix: _b
[0003.974] I> add_boot_slot_suffix: slot_suffix = _b
[0003.978] I> Linux Cmdline: console=ttyS0,115200 androidboot.presilicon=true firmware_class.path=/etc/firmware root=PARTUUID=7124d971-aa6d-489f-94d8-3d7ec6645d17 rw rootwait rootfstype=ext4 console=ttyS0,115200n8 console=tty0 OS=l4t fbcon=map:0 net.ifnames=0  video=tegrafb earlycon=uart8250,mmio32,0x3100000 nvdumper_reserved=0x2372e0000 gpt rootfs.slot_suffix=_b tegra_fbmem2=0x800000@0x96088000 lut_mem2=0x2008@0x96085000 usbcore.old_scheme_first=1 tegraid=18.1.2.0.0 maxcpus=6 no_console_suspend boot.slot_suffix=_b boot.ratchetvalues=0.2031647.1 vpr_resize bl_prof_dataptr=0x10000@0x235840000 sdhci_tegra.en_boot_part_access=1 
[0004.034] I> Updated bootarg info to DTB
[0004.037] W> MAC addr invalid!
[0004.040] E> Failed to get WIFI MAC address
[0004.044] W> MAC addr invalid!
[0004.047] E> Failed to get Bluetooth MAC address
[0004.052] I> eeprom_get_mac_addr: MAC (type: 2): 3c:6d:66:08:5e:f6
[0004.058] E> Found no plugin manager ids in source DT
[0004.063] W> Add plugin manager ids from board info
[0004.067] W> "plugin-manager" doesn't exist, creating
[0004.072] W> "ids" doesn't exist, creating
[0004.076] W> "connection" doesn't exist, creating
[0004.081] W> "configs" doesn't exist, creating
[0004.085] I> create_pm_ids: id: 3489-0000-311-J, len: 15
[0004.090] I> config: mem-type:00,power-config:00,misc-config:00,modem-config:00,touch-config:00,display-config:00,, len: 93
[0004.101] I> Adding plugin-manager/ids/3489-0000-311=/i2c@c250000:module@0x50
[0004.108] W> "i2c@c250000" doesn't exist, creating
[0004.113] W> "module@0x50" doesn't exist, creating
[0004.119] I> Adding plugin-manager/ids/3489-0000-311-J
[0004.125] I> Adding plugin-manager/configs/3489-mem-type 00
[0004.130] I> Adding plugin-manager/configs/3489-power-config 00
[0004.136] I> Adding plugin-manager/configs/3489-misc-config 00
[0004.142] I> Adding plugin-manager/configs/3489-modem-config 00
[0004.148] I> Adding plugin-manager/configs/3489-touch-config 00
[0004.154] I> Adding plugin-manager/configs/3489-display-config 00
[0004.160] I> Adding plugin-manager/cvm
[0004.164] W> "chip-id" doesn't exist, creating
[0004.168] I> Adding plugin-manager/chip-id/A02P
[0004.172] W> "odm-data" doesn't exist, creating
[0004.177] I> Adding /chosen/plugin-manager/odm-data
[0004.185] I> added [base:0x80000000, size:0x70000000] to /memory
[0004.191] I> added [base:0xf0200000, size:0x145600000] to /memory
[0004.197] I> added [base:0x235e00000, size:0x200000] to /memory
[0004.202] I> added [base:0x236600000, size:0x200000] to /memory
[0004.208] I> added [base:0x237000000, size:0x200000] to /memory
[0004.214] I> Updated memory info to DTB
[0004.218] W> add_disp_param: failed to get display params for du=1
[0004.225] W> "reset" doesn't exist, creating
[0004.229] W> "pmc-reset-reason" doesn't exist, creating
[0004.235] W> "pmic-reset-reason" doesn't exist, creating
[0004.241] I> Adding ecid(00000001642975800000000007008440) to DT
[0004.246] I> disabled_core_mask: 0xffffff0c
[0004.255] I> Add serial number:1424124605209 as DT property
[0004.263] I> Plugin-manager override starting
[0004.268] I> node /plugin-manager/fragement@0 matches
[0004.276] I> node /plugin-manager/fragement@4 matches
[0004.294] I> Disable plugin-manager status in FDT
[0004.299] I> Plugin-manager override finished successfully
[0004.304] I> tegrabl_load_kernel_and_dtb: Done
[0004.309] I> SMD partition is updated.
[0004.379] I> Kernel EP: 0x80600000, DTB: 0x80000000


U-Boot 2020.04-g4335beb692 (Jun 11 2024 - 16:06:35 -0700)

SoC: tegra186
Model: NVIDIA P2771-0000-500
Board: NVIDIA P2771-0000
DRAM:  6.8 GiB
MMC:   sdhci@3400000: 1, sdhci@3460000: 0
Loading Environment from MMC... *** Warning - bad CRC, using default environment

In:    serial
Out:   serial
Err:   serial
Net:   
Warning: ethernet@2490000 using MAC address from ROM
eth0: ethernet@2490000
Hit any key to stop autoboot:  2  1  0 
MMC: no card present
switch to partitions #0, OK
mmc0(part 0) is current device
Scanning mmc 0:2...
Found /boot/extlinux/extlinux.conf
Retrieving file: /boot/extlinux/extlinux.conf
883 bytes read in 27 ms (31.3 KiB/s)
1:primary kernel
Retrieving file: /boot/initrd
7238967 bytes read in 219 ms (31.5 MiB/s)
Retrieving file: /boot/Image
34412552 bytes read in 837 ms (39.2 MiB/s)
append: console=ttyS0,115200 androidboot.presilicon=true firmware_class.path=/etc/firmware root=PARTUUID=7124d971-aa6d-489f-94d8-3d7ec6645d17 rw rootwait rootfstype=ext4 console=ttyS0,115200n8 console=tty0 OS=l4t fbcon=map:0 net.ifnames=0  video=tegrafb earlycon=uart8250,mmio32,0x3100000 nvdumper_reserved=0x2372e0000 gpt rootfs.slot_suffix=_b tegra_fbmem2=0x800000@0x96088000 lut_mem2=0x2008@0x96085000 usbcore.old_scheme_first=1 tegraid=18.1.2.0.0 maxcpus=6 no_console_suspend boot.slot_suffix=_b boot.ratchetvalues=0.2031647.1 vpr_resize bl_prof_dataptr=0x10000@0x235840000 sdhci_tegra.en_boot_part_access=1 quiet root=PARTUUID=7124d971-aa6d-489f-94d8-3d7ec6645d17 rw rootwait rootfstype=ext4 console=ttyS0,115200n8 console=tty0 OS=l4t fbcon=map:0 net.ifnames=0 
## Flattened Device Tree blob at 80000000
   Booting using the fdt blob at 0x80000000
ERROR: reserving fdt memory region failed (addr=0 size=0)
ERROR: reserving fdt memory region failed (addr=0 size=0)
   Using Device Tree in place at 0000000080000000, end 000000008003ed98
copying carveout for /host1x@13e00000/display-hub@15200000/display@15200000...
copying carveout for /host1x@13e00000/display-hub@15200000/display@15210000...
copying carveout for /host1x@13e00000/display-hub@15200000/display@15220000...

Starting kernel ...

[    0.000000] Booting Linux on physical CPU 0x100
[    0.000000] Linux version 4.9.337-tegra (root@SWDEV4) (gcc version 7.3.1 20180425 [linaro-7.3-2018.05 revision d29120a424ecfbc167ef90065c0eeb7f91977701] (Linaro GCC 7.3-2018.05) ) #1 SMP PREEMPT Thu Jul 18 09:42:31 EDT 2024
[    0.000000] Boot CPU: AArch64 Processor [411fd073]
[    0.000000] OF: fdt:memory scan node memory@80000000, reg size 80,
[    0.000000] OF: fdt: - 80000000 ,  70000000
[    0.000000] OF: fdt: - f0200000 ,  145600000
[    0.000000] OF: fdt: - 235e00000 ,  200000
[    0.000000] OF: fdt: - 236600000 ,  200000
[    0.000000] OF: fdt: - 237000000 ,  200000
[    0.000000] earlycon: uart8250 at MMIO32 0x0000000003100000 (options '')
[    0.000000] bootconsole [uart8250] enabled
[    0.000000] Found tegra_fbmem2: 00800000@96088000
[    0.000000] Found lut_mem2: 00002008@96085000
[    3.333010] ina3221x 0-0042: ina3221 reset failure status: 0xffffff87
[    3.333397] ina3221x 0-0043: ina3221 reset failure status: 0xffffff87
[    4.429390] Kernel panic - not syncing: Attempted to kill init! exitcode=0x00007f00
[    4.429390] 
[    4.438582] CPU: 1 PID: 1 Comm: chroot Not tainted 4.9.337-tegra #1
[    4.444896] Hardware name: storm (DT)
[    4.448592] Call trace:
[    4.451098] [<        (ptrval)>] dump_backtrace+0x0/0x198
[    4.456540] [<        (ptrval)>] show_stack+0x24/0x30
[    4.461625] [<        (ptrval)>] dump_stack+0xa0/0xc4
[    4.464022] hid-generic 0003:0461:4E04.0002: input,hidraw1: USB HID v1.10 Keyboard [NOVATEK USB NETVISTA FULL WIDTH KEYBOARD] on usb-3530000.xhci-2.2/input0
[    4.469018] input: NOVATEK USB NETVISTA FULL WIDTH KEYBOARD as /devices/3530000.xhci/usb1/1-2/1-2.2/1-2.2:1.1/0003:0461:4E04.0003/input/input5
[    4.493614] [<        (ptrval)>] panic+0x128/0x2a4
[    4.498452] [<        (ptrval)>] complete_and_exit+0x0/0x30
[    4.504068] [<        (ptrval)>] do_group_exit+0x40/0xa8
[    4.509421] [<        (ptrval)>] __wake_up_parent+0x0/0x40
[    4.514951] [<        (ptrval)>] el0_svc_naked+0x34/0x38
[    4.520304] SMP: stopping secondary CPUs
[    4.524281] Kernel Offset: disabled
[    4.527787] Memory Limit: none
[    4.530869] trusty-log panic notifier - trusty version Built: 16:08:32 Jun 11 2024 [    4.547141] Rebooting in 5 seconds..
[0000.043] C> I2C command failed
[0000.046] C> block index = (4) and rail_id = (1)
[0000.051] C> Addr: Reg = [0xe8:0x07]: 336166925
[0000.055] C> I2C command failed
[0000.058] C> block index = (5) and rail_id = (1)
[0000.063] C> Addr: Reg = [0xe8:0x07]: 336166925
[0000.210] I> Welcome to MB2(TBoot-BPMP)(version: 01.00.160913-t186-M-00.00-mobile-4f229333)
[0000.218] I> Boot-device: eMMC
[0000.226] I> sdmmc bdev is already initialized
[0000.230] I> pmic: reset reason (nverc): 0x0
[0000.263] I> Found 19 partitions in SDMMC_BOOT (instance 3)
[0000.283] I> Found 34 partitions in SDMMC_USER (instance 3)
[0000.289] I> MB2 check ECC error: EMC_INTSTATUS_0: 0x10
[0000.294] I> MB2 check ECC error: EMC_INTSTATUS_0: 0x0
[0000.299] I> MB2 check ECC error: EMC_INTSTATUS_0: 0x10
[0000.304] I> MB2 check ECC error: EMC_INTSTATUS_0: 0x0
[0000.309] I> OEM carveouts init scrub in progress...
[0000.385] I> MB2 check ECC error: EMC_INTSTATUS_0: 0x10
[0000.390] I> MB2 check ECC error: EMC_INTSTATUS_0: 0x0
[0000.395] I> MB2 check ECC error: EMC_INTSTATUS_0: 0x10
[0000.400] I> MB2 check ECC error: EMC_INTSTATUS_0: 0x0
[0000.405] I> Mb2 SDRAM scrub successful
[0000.409] I> A/B: bin_type (16) slot 0
[0000.413] I> Loading partition bpmp-fw at 0xd7800000
[0000.418] I> Reading two headers - addr:0xd7800000 blocks:1
[0000.423] I> Addr: 0xd7800000, start-block: 58777608, num_blocks: 1
[0000.447] I> Binary(16) of size 534416 is loaded @ 0xd7800000
[0000.453] I> A/B: bin_type (17) slot 0
[0000.457] I> Loading partition bpmp-fw-dtb at 0xd79f0000
[0000.462] I> Reading two headers - addr:0xd79f0000 blocks:1
[0000.467] I> Addr: 0xd79f0000, start-block: 58780024, num_blocks: 1
[0000.486] I> Binary(17) of size 113712 is loaded @ 0xd79e4200
[0000.539] I> Loading SCE-FW ...
[0000.542] I> A/B: bin_type (12) slot 0
[0000.545] I> Loading partition sce-fw at 0xd7300000
[0000.550] I> Reading two headers - addr:0xd7300000 blocks:1
[0000.555] I> Addr: 0xd7300000, start-block: 58784120, num_blocks: 1
[0000.575] I> Binary(12) of size 125632 is loaded @ 0xd7300000
[0000.580] I> Init SCE
[0000.583] I> Loading APE-FW ...
[0000.586] I> A/B: bin_type (11) slot 0
[0000.589] I> Loading partition adsp-fw at 0xd7400000
[0000.594] I> Reading two headers - addr:0xd7400000 blocks:1
[0000.600] I> Addr: 0xd7400000, start-block: 58761224, num_blocks: 1
[0000.618] I> Binary(11) of size 77216 is loaded @ 0xd7400000
[0000.624] I> Copy BTCM section
[0000.627] I> A/B: bin_type (13) slot 0
[0000.631] I> Loading partition cpu-bootloader at 0x96000000
[0000.636] I> Reading two headers - addr:0x96000000 blocks:1
[0000.642] I> Addr: 0x96000000, start-block: 58740744, num_blocks: 1
[0000.663] I> Binary(13) of size 309648 is loaded @ 0x96000000
[0000.668] I> A/B: bin_type (20) slot 0
[0000.672] I> Loading partition bootloader-dtb at 0x85205400
[0000.678] I> Reading two headers - addr:0x85205400 blocks:1
[0000.683] I> Addr: 0x85205400, start-block: 58742792, num_blocks: 1
[0000.703] I> Binary(20) of size 237056 is loaded @ 0x85205400
[0000.709] I> A/B: bin_type (14) slot 0
[0000.712] I> Loading partition secure-os at 0x85305600
[0000.717] I> Reading two headers - addr:0x85305600 blocks:1
[0000.723] I> Addr: 0x85305600, start-block: 58744840, num_blocks: 1
[0000.745] I> Binary(14) of size 406960 is loaded @ 0x85305600
[0000.753] I> TOS boot-params @ 0x85000000
[0000.757] I> TOS params prepared
[0000.760] I> Loading EKS ...
[0000.762] I> A/B: bin_type (15) slot 0
[0000.766] I> Loading partition eks at 0x85905800
[0000.771] I> Reading two headers - addr:0x85905800 blocks:1
[0000.776] I> Addr: 0x85905800, start-block: 58757128, num_blocks: 1
[0000.795] I> Binary(15) of size 1040 is loaded @ 0x85905800
[0000.800] I> EKB detected (length: 0x400) @ 0x85905800
[0000.805] I> Copied encrypted keys
[0000.809] I> boot profiler @ 0x235844000
[0000.813] I> boot profiler for TOS @ 0x235844000
[0000.818] I> Unhalting SCE
[0000.820] I> Primary Memory Start:80000000 Size:70000000
[0000.826] I> Extended Memory Start:f0110000 Size:1456f0000
[0000.832] I> MB2(TBoot-BPMP) done

NOTICE:  BL31: v1.3(release):c67386022
NOTICE:  BL31: Built : 16:06:30, Jun 11 2024
ipc-unittest-main: 1519: Welcome to IPC unittest!!!
ipc-unittest-main: 1531: waiting forever
ipc-unittest-srv: 329: Init unittest services!!!
hwkey-agent: 41: hwkey-agent is running!!
hwkey-agent: 347: key_mgnt_processing .......
hwkey-agent: 255: Setting EKB key 0 to slot 14
hwkey-agent: 178: Init hweky-agent services!!
luks-srv: 40: luks-srv is running!!
luks-srv: 157: Init luks-srv IPC services!!
platform_bootstrap_epilog: trusty bootstrap complete
[0001.033] I> Welcome to Cboot
[0001.036] I> Cboot Version: t186-8828c893
[0001.040] I> CPU-BL Params @ 0x235800000
[0001.043] I> Dram Scrub in progress
[0001.687] I> DRAM Scrub Successful
[0001.690] I>  0) Base:0x00000000 Size:0x00000000
[0001.694] I>  1) Base:0x237f00000 Size:0x00100000
[0001.699] I>  2) Base:0x237e00000 Size:0x00100000
[0001.703] I>  3) Base:0x237d00000 Size:0x00100000
[0001.708] I>  4) Base:0x237c00000 Size:0x00100000
[0001.712] I>  5) Base:0x237b00000 Size:0x00100000
[0001.717] I>  6) Base:0x237800000 Size:0x00200000
[0001.721] I>  7) Base:0x237400000 Size:0x00400000
[0001.726] I>  8) Base:0x237a00000 Size:0x00100000
[0001.730] I>  9) Base:0x237300000 Size:0x00100000
[0001.735] I> 10) Base:0x236800000 Size:0x00800000
[0001.739] I> 11) Base:0x30000000 Size:0x00040000
[0001.744] I> 12) Base:0xf0000000 Size:0x00100000
[0001.748] I> 13) Base:0x30040000 Size:0x00001000
[0001.753] I> 14) Base:0x30048000 Size:0x00001000
[0001.757] I> 15) Base:0x30049000 Size:0x00001000
[0001.762] I> 16) Base:0x3004a000 Size:0x00001000
[0001.766] I> 17) Base:0x3004b000 Size:0x00001000
[0001.770] I> 18) Base:0x3004c000 Size:0x00001000
[0001.775] I> 19) Base:0x3004d000 Size:0x00001000
[0001.779] I> 20) Base:0x3004e000 Size:0x00001000
[0001.784] I> 21) Base:0x3004f000 Size:0x00001000
[0001.788] I> 22) Base:0x00000000 Size:0x00000000
[0001.793] I> 23) Base:0xf0100000 Size:0x00010000
[0001.797] I> 24) Base:0x00000000 Size:0x00000000
[0001.801] I> 25) Base:0x00000000 Size:0x00000000
[0001.806] I> 26) Base:0x00000000 Size:0x00000000
[0001.810] I> 27) Base:0x00000000 Size:0x00000000
[0001.815] I> 28) Base:0x84400000 Size:0x00400000
[0001.819] I> 29) Base:0x30000000 Size:0x00010000
[0001.824] I> 30) Base:0x238000000 Size:0x08000000
[0001.828] I> 31) Base:0x00000000 Size:0x00000000
[0001.833] I> 32) Base:0x236000000 Size:0x00600000
[0001.837] I> 33) Base:0x80000000 Size:0x70000000
[0001.842] I> 34) Base:0xf0110000 Size:0x1456f0000
[0001.846] I> 35) Base:0x00000000 Size:0x00000000
[0001.850] I> 36) Base:0x00000000 Size:0x00000000
[0001.855] I> 37) Base:0x2372e0000 Size:0x00020000
[0001.859] I> 38) Base:0x84000000 Size:0x00400000
[0001.864] I> 39) Base:0x96000000 Size:0x02000000
[0001.868] I> 40) Base:0x85000000 Size:0x01200000
[0001.873] I> 41) Base:0x235800000 Size:0x00500000
[0001.877] I> 42) Base:0x00000000 Size:0x00000000
[0001.882] I> 43) Base:0x00000000 Size:0x00000000
[0001.886] GIC-SPI Target CPU: 4
[0001.889] Interrupts Init done
[0001.893] calling constructors
[0001.896] initializing heap
[0001.898] initializing threads
[0001.902] initializing timers
[0001.905] creating bootstrap completion thread
[0001.909] top of bootstrap2()
[0001.912] CPU: ARM Cortex A57
[0001.916] CPU: MIDR: 0x411FD073, MPIDR: 0x80000100
[0001.921] initializing platform
[0001.924] I> Bl_dtb @0x85205400
[0001.927] I> gpio framework initialized
[0001.932] I> tegrabl_gpio_driver_register: register 'nvidia,tegra186-gpio' driver
[0001.941] I> tegrabl_gpio_driver_register: register 'nvidia,tegra186-gpio-aon' driver
[0001.949] I> GPIO framework and drivers are initialized.
[0001.954] I> Boot-device: eMMC
[0001.961] I> sdmmc bdev is already initialized
[0001.991] I> Found 19 partitions in SDMMC_BOOT (instance 3)
[0002.009] I> Found 34 partitions in SDMMC_USER (instance 3)
[0002.015] W> opt-in fuse is not set, skip fuse_burning
[0002.020] I> Reserved memory at 0xfbe00000 for U-Boot relocation
[0002.031] I> A/B: bin_type (21) slot 0
[0002.035] I> Loading kernel-dtb from partition
[0002.039] I> Loading partition kernel-dtb at 0x80000000 from device(0x1)
[0002.056] I> Kernel_dtb @0x80000000
[0002.059] I> tegrabl_tca9539_init: i2c bus: 0, slave addr: 0xee
[0002.067] E> I2C: slave not found in slaves.
[0002.071] E> I2C: Could not write 0 bytes to slave: 0x00ee with repeat start false.
[0002.079] E> I2C_DEV: Failed to send register address 0x00000004.
[0002.085] E> I2C_DEV: Could not write 1 registers of size 1 to slave 0xee at 0x00000004 via instance 0.
[0002.094] E> tca9539_device_init: failed to write polar reg
[0002.100] E> tegrabl_tca9539_init: failed to init device!
[0002.105] I> tegrabl_tca9539_init: i2c bus: 0, slave addr: 0xe8
[0002.111] E> I2C: slave not found in slaves.
[0002.116] E> I2C: Could not write 0 bytes to slave: 0x00e8 with repeat start false.
[0002.123] E> I2C_DEV: Failed to send register address 0x00000004.
[0002.129] E> I2C_DEV: Could not write 1 registers of size 1 to slave 0xe8 at 0x00000004 via instance 0.
[0002.138] E> tca9539_device_init: failed to write polar reg
[0002.144] E> tegrabl_tca9539_init: failed to init device!
[0002.151] I> fixed regulator driver initialized
[0002.175] I> register 'maxim' power off handle
[0002.180] I> virtual i2c enabled
[0002.183] I> registered 'maxim,max77620' pmic
[0002.188] I> tegrabl_gpio_driver_register: register 'max77620-gpio' driver
[0002.198] E> failed to read label property for node 204284: 13
[0002.205] E> failed to read reg property for node 204380: 13
[0002.212] E> failed to read reg property for node 204432: 13
[0002.219] E> failed to read label property for node 204516: 13
[0002.226] E> failed to read label property for node 204584: 13
[0002.233] E> failed to read reg property for node 204652: 13
[0002.240] E> failed to read reg property for node 204724: 13
[0002.247] I> Find /i2c@c250000's alias i2c7
[0002.251] I> Reading eeprom i2c=7 address=0x50
[0002.281] I> Device at /i2c@c250000:0x50
[0002.284] I> Reading eeprom i2c=7 address=0x57
[0002.289] E> I2C: slave not found in slaves.
[0002.293] E> I2C: Could not write 0 bytes to slave: 0x00ae with repeat start true.
[0002.301] E> I2C_DEV: Failed to send register address 0x00000000.
[0002.306] E> I2C_DEV: Could not read 256 registers of size 1 from slave 0xae at 0x00000000 via instance 7.
[0002.316] E> eeprom: Failed to read I2C slave device
[0002.321] I> Eeprom read failed 0x3526070d
[0002.325] I> Find /i2c@c240000's alias i2c1
[0002.329] I> Reading eeprom i2c=1 address=0x51
[0002.334] E> I2C: slave not found in slaves.
[0002.339] E> I2C: Could not write 0 bytes to slave: 0x00a2 with repeat start true.
[0002.346] E> I2C_DEV: Failed to send register address 0x00000000.
[0002.352] E> I2C_DEV: Could not read 256 registers of size 1 from slave 0xa2 at 0x00000000 via instance 1.
[0002.362] E> eeprom: Retry to read I2C slave device.
[0002.367] E> I2C: slave not found in slaves.
[0002.371] E> I2C: Could not write 0 bytes to slave: 0x00a2 with repeat start true.
[0002.378] E> I2C_DEV: Failed to send register address 0x00000000.
[0002.384] E> I2C_DEV: Could not read 256 registers of size 1 from slave 0xa2 at 0x00000000 via instance 1.
[0002.394] E> eeprom: Failed to read I2C slave device
[0002.398] I> Eeprom read failed 0x3526070d
[0002.403] I> Find /i2c@3160000's alias i2c0
[0002.407] I> Reading eeprom i2c=0 address=0x50
[0002.411] E> I2C: slave not found in slaves.
[0002.415] E> I2C: Could not write 0 bytes to slave: 0x00a0 with repeat start true.
[0002.423] E> I2C_DEV: Failed to send register address 0x00000000.
[0002.429] E> I2C_DEV: Could not read 256 registers of size 1 from slave 0xa0 at 0x00000000 via instance 0.
[0002.439] E> eeprom: Failed to read I2C slave device
[0002.443] I> Eeprom read failed 0x3526070d
[0002.448] I> Find /i2c@3180000's alias i2c2
[0002.452] I> Reading eeprom i2c=2 address=0x54
[0002.456] I> Enabling gpio chip_id = 2, gpio pin = 9
[0002.461] C> GPIO driver for chip_id 0x2 could not be found
[0002.466] E> cam_eeprom_read: Can't get gpio driver
[0002.471] I> Eeprom read failed 0x4d4d000d
[0002.475] I> Reading eeprom i2c=2 address=0x57
[0002.479] I> Enabling gpio chip_id = 2, gpio pin = 9
[0002.484] C> GPIO driver for chip_id 0x2 could not be found
[0002.489] E> cam_eeprom_read: Can't get gpio driver
[0002.494] I> Eeprom read failed 0x4d4d000d
[0002.498] I> create_pm_ids: id: 3489-0000-311-J, len: 15
[0002.503] I> config: mem-type:00,power-config:00,misc-config:00,modem-config:00,touch-config:00,display-config:00,, len: 93
[0002.527] I> regulator 'vdd-hdmi' already enabled
[0002.538] I> regulator 'vdd-hdmi' already enabled
[0002.543] I> hdmi cable connected
[0002.548] I> setting 'vdd-pex-1v00' regulator to 1000000 micro volts
[0002.555] I> setting 'vdd-1v8' regulator to 1800000 micro volts
[0002.561] I> retrieved tmds range from prod_list_hdmi_soc
[0002.568] E> cannot find any other nvdisp nodes
[0002.588] I> edid read success
[0002.603] I> edid read success
[0002.606] I> width = 640, height = 480, frequency = 25174825
[0002.611] I> width = 640, height = 480, frequency = 25174825
[0002.617] I> width = 1920, height = 1080, frequency = 148500000
[0002.622] I> width = 1920, height = 1080, frequency = 148500000
[0002.628] I> width = 1920, height = 1080, frequency = 148351648
[0002.634] I> width = 1280, height = 720, frequency = 74175824
[0002.639] I> width = 720, height = 480, frequency = 26973026
[0002.645] I> width = 720, height = 480, frequency = 26973026
[0002.650] I> width = 640, height = 480, frequency = 25174825
[0002.656] I> width = 1920, height = 1080, frequency = 148351648
[0002.662] I> width = 720, height = 576, frequency = 26973026
[0002.667] I> width = 1280, height = 720, frequency = 74175824
[0002.673] I> Best mode Width = 1920, Height = 1080, freq = 148351648
[0002.683] I> hdmi_enable, starting HDMI initialisation
[0002.690] I> hdmi_enable, HDMI initialisation complete
[0002.703] initializing target
[0002.706] calling apps_init()
[0002.709] starting app kernel_boot_app
[0002.732] I> found decompressor handler: lz4-legacy
[0002.736] I> decompressing BMP blob ...
[0002.808] I> Kernel type = Normal
[0002.811] I> ########## Fixed storage boot ##########
[0002.816] I> Loading kernel-bootctrl from partition
[0002.821] I> Loading partition kernel-bootctrl at 0xa8000000 from device(0x1)
[0002.835] W> tegrabl_get_kernel_bootctrl: magic number(0x00000000) is invalid
[0002.842] W> tegrabl_get_kernel_bootctrl: use default dummy boot control data
[0002.849] I> A/B: bin_type (24) slot 0
[0002.865] I> Boot image size read from image header: 990e5
[0002.870] I> Boot image load address: 0x80400000
[0002.874] I> Loading kernel from partition
[0002.878] I> Loading partition kernel at 0x80400000 from device(0x1)
[0003.840] I> Validate kernel ...
[0003.843] I> T18x: Authenticate kernel (bin_type 24), max size 0x4000000
[0003.851] I> Decrypt the buffer ... [0003.854] W> tegrabl_decrypt_block: fuse (0x0) is not burnt to do encryption (0x4); skip decryption.
[0003.863] I> done
[0003.865] I> Checking boot.img header magic ... [0003.869] I> [OK]
[0003.871] I> kernel-dtb is already loaded
[0003.875] I> Validate kernel-dtb ...
[0003.878] I> T18x: Authenticate kernel-dtb (bin_type 21), max size 0x100000
[0003.885] I> Decrypt the buffer ... [0003.888] W> tegrabl_decrypt_block: fuse (0x0) is not burnt to do encryption (0x4); skip decryption.
[0003.897] I> done
[0003.899] I> Kernel hdr @0x80400000
[0003.902] I> Kernel dtb @0x80000000
[0003.906] I> decompressor handler not found
[0003.910] I> Copying kernel image (626917 bytes) from 0x80400800 to 0x80600000 ... [0003.917] I> Done
[0003.919] I> Move ramdisk (len: 0) from 0x8049a000 to 0x947d0000
[0003.926] I> Updated bpmp info to DTB
[0003.931] I> Ramdisk: Base: 0x947d0000; Size: 0x0
[0003.935] I> Updated initrd info to DTB
[0003.939] W> WARN: Fail to override "console=none" in commandline
[0003.945] I> Active rootfs suffix: 
[0003.948] W> tegrabl_linuxboot_add_disp_param, du 1 failed to get display params
[0003.955] W> tegrabl_linuxboot_add_disp_param, du 1 failed to get display params
[0003.963] I> disabled_core_mask: 0xffffff0c
[0003.967] I> Active slot suffix: 
[0003.970] I> add_boot_slot_suffix: slot_suffix = 
[0003.974] I> Linux Cmdline: console=ttyS0,115200 androidboot.presilicon=true firmware_class.path=/etc/firmware root=PARTUUID=e9cd41c5-e214-4ff2-a582-6c64bbd1f65e rw rootwait rootfstype=ext4 console=ttyS0,115200n8 console=tty0 OS=l4t fbcon=map:0 net.ifnames=0  video=tegrafb earlycon=uart8250,mmio32,0x3100000 nvdumper_reserved=0x2372e0000 gpt rootfs.slot_suffix= tegra_fbmem2=0x800000@0x96088000 lut_mem2=0x2008@0x96085000 usbcore.old_scheme_first=1 tegraid=18.1.2.0.0 maxcpus=6 no_console_suspend boot.slot_suffix= boot.ratchetvalues=0.2031647.1 vpr_resize bl_prof_dataptr=0x10000@0x235840000 sdhci_tegra.en_boot_part_access=1 
[0004.029] I> Updated bootarg info to DTB
[0004.033] W> MAC addr invalid!
[0004.036] E> Failed to get WIFI MAC address
[0004.040] W> MAC addr invalid!
[0004.043] E> Failed to get Bluetooth MAC address
[0004.047] I> eeprom_get_mac_addr: MAC (type: 2): 3c:6d:66:08:5e:f6
[0004.053] E> Found no plugin manager ids in source DT
[0004.058] W> Add plugin manager ids from board info
[0004.063] W> "plugin-manager" doesn't exist, creating
[0004.068] W> "ids" doesn't exist, creating
[0004.072] W> "connection" doesn't exist, creating
[0004.076] W> "configs" doesn't exist, creating
[0004.080] I> create_pm_ids: id: 3489-0000-311-J, len: 15
[0004.086] I> config: mem-type:00,power-config:00,misc-config:00,modem-config:00,touch-config:00,display-config:00,, len: 93
[0004.097] I> Adding plugin-manager/ids/3489-0000-311=/i2c@c250000:module@0x50
[0004.104] W> "i2c@c250000" doesn't exist, creating
[0004.108] W> "module@0x50" doesn't exist, creating
[0004.114] I> Adding plugin-manager/ids/3489-0000-311-J
[0004.120] I> Adding plugin-manager/configs/3489-mem-type 00
[0004.126] I> Adding plugin-manager/configs/3489-power-config 00
[0004.132] I> Adding plugin-manager/configs/3489-misc-config 00
[0004.137] I> Adding plugin-manager/configs/3489-modem-config 00
[0004.143] I> Adding plugin-manager/configs/3489-touch-config 00
[0004.149] I> Adding plugin-manager/configs/3489-display-config 00
[0004.155] I> Adding plugin-manager/cvm
[0004.159] W> "chip-id" doesn't exist, creating
[0004.163] I> Adding plugin-manager/chip-id/A02P
[0004.168] W> "odm-data" doesn't exist, creating
[0004.172] I> Adding /chosen/plugin-manager/odm-data
[0004.180] I> added [base:0x80000000, size:0x70000000] to /memory
[0004.186] I> added [base:0xf0200000, size:0x145600000] to /memory
[0004.192] I> added [base:0x235e00000, size:0x200000] to /memory
[0004.198] I> added [base:0x236600000, size:0x200000] to /memory
[0004.204] I> added [base:0x237000000, size:0x200000] to /memory
[0004.209] I> Updated memory info to DTB
[0004.214] W> add_disp_param: failed to get display params for du=1
[0004.220] W> "reset" doesn't exist, creating
[0004.225] W> "pmc-reset-reason" doesn't exist, creating
[0004.230] W> "pmic-reset-reason" doesn't exist, creating
[0004.236] I> Adding ecid(00000001642975800000000007008440) to DT
[0004.242] I> disabled_core_mask: 0xffffff0c
[0004.251] I> Add serial number:1424124605209 as DT property
[0004.258] I> Plugin-manager override starting
[0004.263] I> node /plugin-manager/fragement@0 matches
[0004.271] I> node /plugin-manager/fragement@4 matches
[0004.290] I> Disable plugin-manager status in FDT
[0004.294] I> Plugin-manager override finished successfully
[0004.300] I> tegrabl_load_kernel_and_dtb: Done
[0004.304] I> SMD partition is updated.
[0004.373] I> Kernel EP: 0x80600000, DTB: 0x80000000


U-Boot 2020.04-g4335beb692 (Jun 11 2024 - 16:06:35 -0700)

SoC: tegra186
Model: NVIDIA P2771-0000-500
Board: NVIDIA P2771-0000
DRAM:  6.8 GiB
MMC:   sdhci@3400000: 1, sdhci@3460000: 0
Loading Environment from MMC... *** Warning - bad CRC, using default environment

In:    serial
Out:   serial
Err:   serial
Net:   
Warning: ethernet@2490000 using MAC address from ROM
eth0: ethernet@2490000
Hit any key to stop autoboot:  2  1  0 
MMC: no card present
switch to partitions #0, OK
mmc0(part 0) is current device
Scanning mmc 0:1...
Found /boot/extlinux/extlinux.conf
Retrieving file: /boot/extlinux/extlinux.conf
883 bytes read in 42 ms (20.5 KiB/s)
1:primary kernel
Retrieving file: /boot/initrd
7238967 bytes read in 204 ms (33.8 MiB/s)
Retrieving file: /boot/Image
34412552 bytes read in 838 ms (39.2 MiB/s)
append: console=ttyS0,115200 androidboot.presilicon=true firmware_class.path=/etc/firmware root=PARTUUID=e9cd41c5-e214-4ff2-a582-6c64bbd1f65e rw rootwait rootfstype=ext4 console=ttyS0,115200n8 console=tty0 OS=l4t fbcon=map:0 net.ifnames=0  video=tegrafb earlycon=uart8250,mmio32,0x3100000 nvdumper_reserved=0x2372e0000 gpt rootfs.slot_suffix= tegra_fbmem2=0x800000@0x96088000 lut_mem2=0x2008@0x96085000 usbcore.old_scheme_first=1 tegraid=18.1.2.0.0 maxcpus=6 no_console_suspend boot.slot_suffix= boot.ratchetvalues=0.2031647.1 vpr_resize bl_prof_dataptr=0x10000@0x235840000 sdhci_tegra.en_boot_part_access=1 quiet root=PARTUUID=e9cd41c5-e214-4ff2-a582-6c64bbd1f65e rw rootwait rootfstype=ext4 console=ttyS0,115200n8 console=tty0 OS=l4t fbcon=map:0 net.ifnames=0 
## Flattened Device Tree blob at 80000000
   Booting using the fdt blob at 0x80000000
ERROR: reserving fdt memory region failed (addr=0 size=0)
ERROR: reserving fdt memory region failed (addr=0 size=0)
   Using Device Tree in place at 0000000080000000, end 000000008003ed98
copying carveout for /host1x@13e00000/display-hub@15200000/display@15200000...
copying carveout for /host1x@13e00000/display-hub@15200000/display@15210000...
copying carveout for /host1x@13e00000/display-hub@15200000/display@15220000...

Starting kernel ...

[    0.000000] Booting Linux on physical CPU 0x100
[    0.000000] Linux version 4.9.337-tegra (root@SWDEV4) (gcc version 7.3.1 20180425 [linaro-7.3-2018.05 revision d29120a424ecfbc167ef90065c0eeb7f91977701] (Linaro GCC 7.3-2018.05) ) #1 SMP PREEMPT Thu Jul 18 09:42:31 EDT 2024
[    0.000000] Boot CPU: AArch64 Processor [411fd073]
[    0.000000] OF: fdt:memory scan node memory@80000000, reg size 80,
[    0.000000] OF: fdt: - 80000000 ,  70000000
[    0.000000] OF: fdt: - f0200000 ,  145600000
[    0.000000] OF: fdt: - 235e00000 ,  200000
[    0.000000] OF: fdt: - 236600000 ,  200000
[    0.000000] OF: fdt: - 237000000 ,  200000
[    0.000000] earlycon: uart8250 at MMIO32 0x0000000003100000 (options '')
[    0.000000] bootconsole [uart8250] enabled
[    0.000000] Found tegra_fbmem2: 00800000@96088000
[    0.000000] Found lut_mem2: 00002008@96085000
[    3.410480] ina3221x 0-0042: ina3221 reset failure status: 0xffffff87
[    3.417587] ina3221x 0-0043: ina3221 reset failure status: 0xffffff87
[    4.795124] cgroup: cgroup2: unknown option "nsdelegate"
[    6.349180] using random self ethernet address
[    6.362338] using random host ethernet address
[    7.061676] using random self ethernet address
[    7.106355] using random host ethernet address
[    8.355730] Bridge firewalling registered

Ubuntu 18.04.6 LTS nvidia ttyS0

nvidia login: [  160.415854] watchdog: watchdog0: watchdog did not stop!
[  160.427365] systemd-shutdow: 34 output lines suppressed due to ratelimiting
[  160.790404] sd 0:0:0:0: [sda] Synchronizing SCSI cache
[  160.899133] ata1.00: disabled
[  160.903917] sd 0:0:0:0: [sda] Synchronizing SCSI cache
[  160.975250] reboot: Restarting system with command 'now'
[0000.043] C> I2C command failed
[0000.046] C> block index = (4) and rail_id = (1)
[0000.051] C> Addr: Reg = [0xe8:0x07]: 336166925
[0000.055] C> I2C command failed
[0000.058] C> block index = (5) and rail_id = (1)
[0000.063] C> Addr: Reg = [0xe8:0x07]: 336166925
[0000.210] I> Welcome to MB2(TBoot-BPMP)(version: 01.00.160913-t186-M-00.00-mobile-4f229333)
[0000.218] I> Boot-device: eMMC
[0000.226] I> sdmmc bdev is already initialized
[0000.230] I> pmic: reset reason (nverc): 0x0
[0000.263] I> Found 19 partitions in SDMMC_BOOT (instance 3)
[0000.283] I> Found 34 partitions in SDMMC_USER (instance 3)
[0000.289] I> MB2 check ECC error: EMC_INTSTATUS_0: 0x10
[0000.294] I> MB2 check ECC error: EMC_INTSTATUS_0: 0x0
[0000.299] I> MB2 check ECC error: EMC_INTSTATUS_0: 0x10
[0000.304] I> MB2 check ECC error: EMC_INTSTATUS_0: 0x0
[0000.309] I> OEM carveouts init scrub in progress...
[0000.385] I> MB2 check ECC error: EMC_INTSTATUS_0: 0x10
[0000.390] I> MB2 check ECC error: EMC_INTSTATUS_0: 0x0
[0000.395] I> MB2 check ECC error: EMC_INTSTATUS_0: 0x10
[0000.400] I> MB2 check ECC error: EMC_INTSTATUS_0: 0x0
[0000.405] I> Mb2 SDRAM scrub successful
[0000.409] I> A/B: bin_type (16) slot 1
[0000.413] I> Loading partition bpmp-fw_b at 0xd7800000
[0000.418] I> Reading two headers - addr:0xd7800000 blocks:1
[0000.423] I> Addr: 0xd7800000, start-block: 58778816, num_blocks: 1
[0000.448] I> Binary(16) of size 534416 is loaded @ 0xd7800000
[0000.453] I> A/B: bin_type (17) slot 1
[0000.457] I> Loading partition bpmp-fw-dtb_b at 0xd79f0000
[0000.462] I> Reading two headers - addr:0xd79f0000 blocks:1
[0000.468] I> Addr: 0xd79f0000, start-block: 58782072, num_blocks: 1
[0000.487] I> Binary(17) of size 113712 is loaded @ 0xd79e4200
[0000.539] I> Loading SCE-FW ...
[0000.542] I> A/B: bin_type (12) slot 1
[0000.546] I> Loading partition sce-fw_b at 0xd7300000
[0000.551] I> Reading two headers - addr:0xd7300000 blocks:1
[0000.556] I> Addr: 0xd7300000, start-block: 58788216, num_blocks: 1
[0000.575] I> Binary(12) of size 125632 is loaded @ 0xd7300000
[0000.581] I> Init SCE
[0000.583] I> Loading APE-FW ...
[0000.586] I> A/B: bin_type (11) slot 1
[0000.590] I> Loading partition adsp-fw_b at 0xd7400000
[0000.595] I> Reading two headers - addr:0xd7400000 blocks:1
[0000.600] I> Addr: 0xd7400000, start-block: 58769416, num_blocks: 1
[0000.619] I> Binary(11) of size 77216 is loaded @ 0xd7400000
[0000.625] I> Copy BTCM section
[0000.628] I> A/B: bin_type (13) slot 1
[0000.632] I> Loading partition cpu-bootloader_b at 0x96000000
[0000.637] I> Reading two headers - addr:0x96000000 blocks:1
[0000.643] I> Addr: 0x96000000, start-block: 58741768, num_blocks: 1
[0000.664] I> Binary(13) of size 309648 is loaded @ 0x96000000
[0000.670] I> A/B: bin_type (20) slot 1
[0000.673] I> Loading partition bootloader-dtb_b at 0x85205400
[0000.679] I> Reading two headers - addr:0x85205400 blocks:1
[0000.684] I> Addr: 0x85205400, start-block: 58743816, num_blocks: 1
[0000.704] I> Binary(20) of size 237056 is loaded @ 0x85205400
[0000.710] I> A/B: bin_type (14) slot 1
[0000.714] I> Loading partition secure-os_b at 0x85305600
[0000.719] I> Reading two headers - addr:0x85305600 blocks:1
[0000.724] I> Addr: 0x85305600, start-block: 58750984, num_blocks: 1
[0000.747] I> Binary(14) of size 406960 is loaded @ 0x85305600
[0000.754] I> TOS boot-params @ 0x85000000
[0000.758] I> TOS params prepared
[0000.761] I> Loading EKS ...
[0000.764] I> A/B: bin_type (15) slot 0
[0000.767] I> Loading partition eks at 0x85905800
[0000.772] I> Reading two headers - addr:0x85905800 blocks:1
[0000.777] I> Addr: 0x85905800, start-block: 58757128, num_blocks: 1
[0000.796] I> Binary(15) of size 1040 is loaded @ 0x85905800
[0000.802] I> EKB detected (length: 0x400) @ 0x85905800
[0000.807] I> Copied encrypted keys
[0000.810] I> boot profiler @ 0x235844000
[0000.814] I> boot profiler for TOS @ 0x235844000
[0000.819] I> Unhalting SCE
[0000.822] I> Primary Memory Start:80000000 Size:70000000
[0000.827] I> Extended Memory Start:f0110000 Size:1456f0000
[0000.834] I> MB2(TBoot-BPMP) done

NOTICE:  BL31: v1.3(release):c67386022
NOTICE:  BL31: Built : 16:06:30, Jun 11 2024
ipc-unittest-main: 1519: Welcome to IPC unittest!!!
ipc-unittest-main: 1531: waiting forever
ipc-unittest-srv: 329: Init unittest services!!!
hwkey-agent: 41: hwkey-agent is running!!
hwkey-agent: 347: key_mgnt_processing .......
hwkey-agent: 255: Setting EKB key 0 to slot 14
hwkey-agent: 178: Init hweky-agent services!!
luks-srv: 40: luks-srv is running!!
luks-srv: 157: Init luks-srv IPC services!!
platform_bootstrap_epilog: trusty bootstrap complete
[0001.035] I> Welcome to Cboot
[0001.037] I> Cboot Version: t186-8828c893
[0001.041] I> CPU-BL Params @ 0x235800000
[0001.045] I> Dram Scrub in progress
[0001.688] I> DRAM Scrub Successful
[0001.692] I>  0) Base:0x00000000 Size:0x00000000
[0001.696] I>  1) Base:0x237f00000 Size:0x00100000
[0001.701] I>  2) Base:0x237e00000 Size:0x00100000
[0001.705] I>  3) Base:0x237d00000 Size:0x00100000
[0001.710] I>  4) Base:0x237c00000 Size:0x00100000
[0001.714] I>  5) Base:0x237b00000 Size:0x00100000
[0001.719] I>  6) Base:0x237800000 Size:0x00200000
[0001.723] I>  7) Base:0x237400000 Size:0x00400000
[0001.728] I>  8) Base:0x237a00000 Size:0x00100000
[0001.732] I>  9) Base:0x237300000 Size:0x00100000
[0001.737] I> 10) Base:0x236800000 Size:0x00800000
[0001.741] I> 11) Base:0x30000000 Size:0x00040000
[0001.746] I> 12) Base:0xf0000000 Size:0x00100000
[0001.750] I> 13) Base:0x30040000 Size:0x00001000
[0001.754] I> 14) Base:0x30048000 Size:0x00001000
[0001.759] I> 15) Base:0x30049000 Size:0x00001000
[0001.763] I> 16) Base:0x3004a000 Size:0x00001000
[0001.768] I> 17) Base:0x3004b000 Size:0x00001000
[0001.772] I> 18) Base:0x3004c000 Size:0x00001000
[0001.777] I> 19) Base:0x3004d000 Size:0x00001000
[0001.781] I> 20) Base:0x3004e000 Size:0x00001000
[0001.785] I> 21) Base:0x3004f000 Size:0x00001000
[0001.790] I> 22) Base:0x00000000 Size:0x00000000
[0001.794] I> 23) Base:0xf0100000 Size:0x00010000
[0001.799] I> 24) Base:0x00000000 Size:0x00000000
[0001.803] I> 25) Base:0x00000000 Size:0x00000000
[0001.808] I> 26) Base:0x00000000 Size:0x00000000
[0001.812] I> 27) Base:0x00000000 Size:0x00000000
[0001.816] I> 28) Base:0x84400000 Size:0x00400000
[0001.821] I> 29) Base:0x30000000 Size:0x00010000
[0001.825] I> 30) Base:0x238000000 Size:0x08000000
[0001.830] I> 31) Base:0x00000000 Size:0x00000000
[0001.834] I> 32) Base:0x236000000 Size:0x00600000
[0001.839] I> 33) Base:0x80000000 Size:0x70000000
[0001.843] I> 34) Base:0xf0110000 Size:0x1456f0000
[0001.848] I> 35) Base:0x00000000 Size:0x00000000
[0001.852] I> 36) Base:0x00000000 Size:0x00000000
[0001.857] I> 37) Base:0x2372e0000 Size:0x00020000
[0001.861] I> 38) Base:0x84000000 Size:0x00400000
[0001.866] I> 39) Base:0x96000000 Size:0x02000000
[0001.870] I> 40) Base:0x85000000 Size:0x01200000
[0001.874] I> 41) Base:0x235800000 Size:0x00500000
[0001.879] I> 42) Base:0x00000000 Size:0x00000000
[0001.883] I> 43) Base:0x00000000 Size:0x00000000
[0001.888] GIC-SPI Target CPU: 4
[0001.891] Interrupts Init done
[0001.894] calling constructors
[0001.897] initializing heap
[0001.900] initializing threads
[0001.903] initializing timers
[0001.906] creating bootstrap completion thread
[0001.911] top of bootstrap2()
[0001.914] CPU: ARM Cortex A57
[0001.917] CPU: MIDR: 0x411FD073, MPIDR: 0x80000100
[0001.922] initializing platform
[0001.926] I> Bl_dtb @0x85205400
[0001.929] I> gpio framework initialized
[0001.934] I> tegrabl_gpio_driver_register: register 'nvidia,tegra186-gpio' driver
[0001.943] I> tegrabl_gpio_driver_register: register 'nvidia,tegra186-gpio-aon' driver
[0001.950] I> GPIO framework and drivers are initialized.
[0001.955] I> Boot-device: eMMC
[0001.963] I> sdmmc bdev is already initialized
[0001.993] I> Found 19 partitions in SDMMC_BOOT (instance 3)
[0002.011] I> Found 34 partitions in SDMMC_USER (instance 3)
[0002.016] W> opt-in fuse is not set, skip fuse_burning
[0002.021] I> Reserved memory at 0xfbe00000 for U-Boot relocation
[0002.033] I> A/B: bin_type (21) slot 1
[0002.037] I> Loading kernel-dtb_b from partition
[0002.041] I> Loading partition kernel-dtb_b at 0x80000000 from device(0x1)
[0002.058] I> Kernel_dtb @0x80000000
[0002.061] I> tegrabl_tca9539_init: i2c bus: 0, slave addr: 0xee
[0002.069] E> I2C: slave not found in slaves.
[0002.073] E> I2C: Could not write 0 bytes to slave: 0x00ee with repeat start false.
[0002.081] E> I2C_DEV: Failed to send register address 0x00000004.
[0002.087] E> I2C_DEV: Could not write 1 registers of size 1 to slave 0xee at 0x00000004 via instance 0.
[0002.096] E> tca9539_device_init: failed to write polar reg
[0002.102] E> tegrabl_tca9539_init: failed to init device!
[0002.107] I> tegrabl_tca9539_init: i2c bus: 0, slave addr: 0xe8
[0002.114] E> I2C: slave not found in slaves.
[0002.118] E> I2C: Could not write 0 bytes to slave: 0x00e8 with repeat start false.
[0002.126] E> I2C_DEV: Failed to send register address 0x00000004.
[0002.131] E> I2C_DEV: Could not write 1 registers of size 1 to slave 0xe8 at 0x00000004 via instance 0.
[0002.141] E> tca9539_device_init: failed to write polar reg
[0002.146] E> tegrabl_tca9539_init: failed to init device!
[0002.153] I> fixed regulator driver initialized
[0002.177] I> register 'maxim' power off handle
[0002.182] I> virtual i2c enabled
[0002.185] I> registered 'maxim,max77620' pmic
[0002.190] I> tegrabl_gpio_driver_register: register 'max77620-gpio' driver
[0002.200] E> failed to read label property for node 204284: 13
[0002.207] E> failed to read reg property for node 204380: 13
[0002.214] E> failed to read reg property for node 204432: 13
[0002.221] E> failed to read label property for node 204516: 13
[0002.228] E> failed to read label property for node 204584: 13
[0002.235] E> failed to read reg property for node 204652: 13
[0002.242] E> failed to read reg property for node 204724: 13
[0002.249] I> Find /i2c@c250000's alias i2c7
[0002.253] I> Reading eeprom i2c=7 address=0x50
[0002.283] I> Device at /i2c@c250000:0x50
[0002.286] I> Reading eeprom i2c=7 address=0x57
[0002.291] E> I2C: slave not found in slaves.
[0002.295] E> I2C: Could not write 0 bytes to slave: 0x00ae with repeat start true.
[0002.302] E> I2C_DEV: Failed to send register address 0x00000000.
[0002.308] E> I2C_DEV: Could not read 256 registers of size 1 from slave 0xae at 0x00000000 via instance 7.
[0002.318] E> eeprom: Failed to read I2C slave device
[0002.323] I> Eeprom read failed 0x3526070d
[0002.327] I> Find /i2c@c240000's alias i2c1
[0002.331] I> Reading eeprom i2c=1 address=0x51
[0002.336] E> I2C: slave not found in slaves.
[0002.340] E> I2C: Could not write 0 bytes to slave: 0x00a2 with repeat start true.
[0002.348] E> I2C_DEV: Failed to send register address 0x00000000.
[0002.354] E> I2C_DEV: Could not read 256 registers of size 1 from slave 0xa2 at 0x00000000 via instance 1.
[0002.364] E> eeprom: Retry to read I2C slave device.
[0002.368] E> I2C: slave not found in slaves.
[0002.372] E> I2C: Could not write 0 bytes to slave: 0x00a2 with repeat start true.
[0002.380] E> I2C_DEV: Failed to send register address 0x00000000.
[0002.386] E> I2C_DEV: Could not read 256 registers of size 1 from slave 0xa2 at 0x00000000 via instance 1.
[0002.396] E> eeprom: Failed to read I2C slave device
[0002.400] I> Eeprom read failed 0x3526070d
[0002.405] I> Find /i2c@3160000's alias i2c0
[0002.409] I> Reading eeprom i2c=0 address=0x50
[0002.413] E> I2C: slave not found in slaves.
[0002.417] E> I2C: Could not write 0 bytes to slave: 0x00a0 with repeat start true.
[0002.425] E> I2C_DEV: Failed to send register address 0x00000000.
[0002.431] E> I2C_DEV: Could not read 256 registers of size 1 from slave 0xa0 at 0x00000000 via instance 0.
[0002.440] E> eeprom: Failed to read I2C slave device
[0002.445] I> Eeprom read failed 0x3526070d
[0002.450] I> Find /i2c@3180000's alias i2c2
[0002.454] I> Reading eeprom i2c=2 address=0x54
[0002.458] I> Enabling gpio chip_id = 2, gpio pin = 9
[0002.463] C> GPIO driver for chip_id 0x2 could not be found
[0002.468] E> cam_eeprom_read: Can't get gpio driver
[0002.473] I> Eeprom read failed 0x4d4d000d
[0002.477] I> Reading eeprom i2c=2 address=0x57
[0002.481] I> Enabling gpio chip_id = 2, gpio pin = 9
[0002.486] C> GPIO driver for chip_id 0x2 could not be found
[0002.491] E> cam_eeprom_read: Can't get gpio driver
[0002.496] I> Eeprom read failed 0x4d4d000d
[0002.500] I> create_pm_ids: id: 3489-0000-311-J, len: 15
[0002.505] I> config: mem-type:00,power-config:00,misc-config:00,modem-config:00,touch-config:00,display-config:00,, len: 93
[0002.529] I> regulator 'vdd-hdmi' already enabled
[0002.541] I> regulator 'vdd-hdmi' already enabled
[0002.545] I> hdmi cable connected
[0002.550] I> setting 'vdd-pex-1v00' regulator to 1000000 micro volts
[0002.558] I> setting 'vdd-1v8' regulator to 1800000 micro volts
[0002.564] I> retrieved tmds range from prod_list_hdmi_soc
[0002.570] E> cannot find any other nvdisp nodes
[0002.591] I> edid read success
[0002.606] I> edid read success
[0002.609] I> width = 640, height = 480, frequency = 25174825
[0002.614] I> width = 640, height = 480, frequency = 25174825
[0002.620] I> width = 1920, height = 1080, frequency = 148500000
[0002.625] I> width = 1920, height = 1080, frequency = 148500000
[0002.631] I> width = 1920, height = 1080, frequency = 148351648
[0002.637] I> width = 1280, height = 720, frequency = 74175824
[0002.642] I> width = 720, height = 480, frequency = 26973026
[0002.648] I> width = 720, height = 480, frequency = 26973026
[0002.653] I> width = 640, height = 480, frequency = 25174825
[0002.659] I> width = 1920, height = 1080, frequency = 148351648
[0002.665] I> width = 720, height = 576, frequency = 26973026
[0002.670] I> width = 1280, height = 720, frequency = 74175824
[0002.676] I> Best mode Width = 1920, Height = 1080, freq = 148351648
[0002.686] I> hdmi_enable, starting HDMI initialisation
[0002.693] I> hdmi_enable, HDMI initialisation complete
[0002.706] initializing target
[0002.709] calling apps_init()
[0002.712] starting app kernel_boot_app
[0002.734] I> found decompressor handler: lz4-legacy
[0002.739] I> decompressing BMP blob ...
[0002.811] I> Kernel type = Normal
[0002.814] I> ########## Fixed storage boot ##########
[0002.819] I> Loading kernel-bootctrl from partition
[0002.824] I> Loading partition kernel-bootctrl at 0xa8000000 from device(0x1)
[0002.838] W> tegrabl_get_kernel_bootctrl: magic number(0x00000000) is invalid
[0002.845] W> tegrabl_get_kernel_bootctrl: use default dummy boot control data
[0002.852] I> A/B: bin_type (24) slot 1
[0002.868] I> Boot image size read from image header: 990e5
[0002.873] I> Boot image load address: 0x80400000
[0002.877] I> Loading kernel_b from partition
[0002.881] I> Loading partition kernel_b at 0x80400000 from device(0x1)
[0003.843] I> Validate kernel ...
[0003.846] I> T18x: Authenticate kernel (bin_type 24), max size 0x4000000
[0003.854] I> Decrypt the buffer ... [0003.857] W> tegrabl_decrypt_block: fuse (0x0) is not burnt to do encryption (0x4); skip decryption.
[0003.866] I> done
[0003.868] I> Checking boot.img header magic ... [0003.872] I> [OK]
[0003.874] I> kernel-dtb is already loaded
[0003.878] I> Validate kernel-dtb ...
[0003.881] I> T18x: Authenticate kernel-dtb (bin_type 21), max size 0x100000
[0003.888] I> Decrypt the buffer ... [0003.892] W> tegrabl_decrypt_block: fuse (0x0) is not burnt to do encryption (0x4); skip decryption.
[0003.901] I> done
[0003.902] I> Kernel hdr @0x80400000
[0003.906] I> Kernel dtb @0x80000000
[0003.909] I> decompressor handler not found
[0003.913] I> Copying kernel image (626917 bytes) from 0x80400800 to 0x80600000 ... [0003.920] I> Done
[0003.922] I> Move ramdisk (len: 0) from 0x8049a000 to 0x947d0000
[0003.929] I> Updated bpmp info to DTB
[0003.934] I> Ramdisk: Base: 0x947d0000; Size: 0x0
[0003.939] I> Updated initrd info to DTB
[0003.942] W> WARN: Fail to override "console=none" in commandline
[0003.948] I> Active rootfs suffix: _b
[0003.952] W> tegrabl_linuxboot_add_disp_param, du 1 failed to get display params
[0003.959] W> tegrabl_linuxboot_add_disp_param, du 1 failed to get display params
[0003.966] I> disabled_core_mask: 0xffffff0c
[0003.970] I> Active slot suffix: _b
[0003.973] I> add_boot_slot_suffix: slot_suffix = _b
[0003.978] I> Linux Cmdline: console=ttyS0,115200 androidboot.presilicon=true firmware_class.path=/etc/firmware root=PARTUUID=7124d971-aa6d-489f-94d8-3d7ec6645d17 rw rootwait rootfstype=ext4 console=ttyS0,115200n8 console=tty0 OS=l4t fbcon=map:0 net.ifnames=0  video=tegrafb earlycon=uart8250,mmio32,0x3100000 nvdumper_reserved=0x2372e0000 gpt rootfs.slot_suffix=_b tegra_fbmem2=0x800000@0x96088000 lut_mem2=0x2008@0x96085000 usbcore.old_scheme_first=1 tegraid=18.1.2.0.0 maxcpus=6 no_console_suspend boot.slot_suffix=_b boot.ratchetvalues=0.2031647.1 vpr_resize bl_prof_dataptr=0x10000@0x235840000 sdhci_tegra.en_boot_part_access=1 
[0004.033] I> Updated bootarg info to DTB
[0004.037] W> MAC addr invalid!
[0004.040] E> Failed to get WIFI MAC address
[0004.044] W> MAC addr invalid!
[0004.047] E> Failed to get Bluetooth MAC address
[0004.051] I> eeprom_get_mac_addr: MAC (type: 2): 3c:6d:66:08:5e:f6
[0004.057] E> Found no plugin manager ids in source DT
[0004.062] W> Add plugin manager ids from board info
[0004.067] W> "plugin-manager" doesn't exist, creating
[0004.072] W> "ids" doesn't exist, creating
[0004.076] W> "connection" doesn't exist, creating
[0004.080] W> "configs" doesn't exist, creating
[0004.085] I> create_pm_ids: id: 3489-0000-311-J, len: 15
[0004.090] I> config: mem-type:00,power-config:00,misc-config:00,modem-config:00,touch-config:00,display-config:00,, len: 93
[0004.101] I> Adding plugin-manager/ids/3489-0000-311=/i2c@c250000:module@0x50
[0004.108] W> "i2c@c250000" doesn't exist, creating
[0004.112] W> "module@0x50" doesn't exist, creating
[0004.118] I> Adding plugin-manager/ids/3489-0000-311-J
[0004.124] I> Adding plugin-manager/configs/3489-mem-type 00
[0004.130] I> Adding plugin-manager/configs/3489-power-config 00
[0004.136] I> Adding plugin-manager/configs/3489-misc-config 00
[0004.142] I> Adding plugin-manager/configs/3489-modem-config 00
[0004.147] I> Adding plugin-manager/configs/3489-touch-config 00
[0004.153] I> Adding plugin-manager/configs/3489-display-config 00
[0004.159] I> Adding plugin-manager/cvm
[0004.163] W> "chip-id" doesn't exist, creating
[0004.168] I> Adding plugin-manager/chip-id/A02P
[0004.172] W> "odm-data" doesn't exist, creating
[0004.176] I> Adding /chosen/plugin-manager/odm-data
[0004.185] I> added [base:0x80000000, size:0x70000000] to /memory
[0004.190] I> added [base:0xf0200000, size:0x145600000] to /memory
[0004.196] I> added [base:0x235e00000, size:0x200000] to /memory
[0004.202] I> added [base:0x236600000, size:0x200000] to /memory
[0004.208] I> added [base:0x237000000, size:0x200000] to /memory
[0004.213] I> Updated memory info to DTB
[0004.218] W> add_disp_param: failed to get display params for du=1
[0004.225] W> "reset" doesn't exist, creating
[0004.229] W> "pmc-reset-reason" doesn't exist, creating
[0004.234] W> "pmic-reset-reason" doesn't exist, creating
[0004.240] I> Adding ecid(00000001642975800000000007008440) to DT
[0004.246] I> disabled_core_mask: 0xffffff0c
[0004.255] I> Add serial number:1424124605209 as DT property
[0004.262] I> Plugin-manager override starting
[0004.267] I> node /plugin-manager/fragement@0 matches
[0004.275] I> node /plugin-manager/fragement@4 matches
[0004.294] I> Disable plugin-manager status in FDT
[0004.298] I> Plugin-manager override finished successfully
[0004.304] I> tegrabl_load_kernel_and_dtb: Done
[0004.308] I> SMD partition is updated.
[0004.377] I> Kernel EP: 0x80600000, DTB: 0x80000000


U-Boot 2020.04-g4335beb692 (Jun 11 2024 - 16:06:35 -0700)

SoC: tegra186
Model: NVIDIA P2771-0000-500
Board: NVIDIA P2771-0000
DRAM:  6.8 GiB
MMC:   sdhci@3400000: 1, sdhci@3460000: 0
Loading Environment from MMC... *** Warning - bad CRC, using default environment

In:    serial
Out:   serial
Err:   serial
Net:   
Warning: ethernet@2490000 using MAC address from ROM
eth0: ethernet@2490000
Hit any key to stop autoboot:  2  1  0 
MMC: no card present
switch to partitions #0, OK
mmc0(part 0) is current device
Scanning mmc 0:2...
Found /boot/extlinux/extlinux.conf
Retrieving file: /boot/extlinux/extlinux.conf
883 bytes read in 28 ms (30.3 KiB/s)
1:primary kernel
Retrieving file: /boot/initrd
7238967 bytes read in 219 ms (31.5 MiB/s)
Retrieving file: /boot/Image
34412552 bytes read in 837 ms (39.2 MiB/s)
append: console=ttyS0,115200 androidboot.presilicon=true firmware_class.path=/etc/firmware root=PARTUUID=7124d971-aa6d-489f-94d8-3d7ec6645d17 rw rootwait rootfstype=ext4 console=ttyS0,115200n8 console=tty0 OS=l4t fbcon=map:0 net.ifnames=0  video=tegrafb earlycon=uart8250,mmio32,0x3100000 nvdumper_reserved=0x2372e0000 gpt rootfs.slot_suffix=_b tegra_fbmem2=0x800000@0x96088000 lut_mem2=0x2008@0x96085000 usbcore.old_scheme_first=1 tegraid=18.1.2.0.0 maxcpus=6 no_console_suspend boot.slot_suffix=_b boot.ratchetvalues=0.2031647.1 vpr_resize bl_prof_dataptr=0x10000@0x235840000 sdhci_tegra.en_boot_part_access=1 quiet root=PARTUUID=7124d971-aa6d-489f-94d8-3d7ec6645d17 rw rootwait rootfstype=ext4 console=ttyS0,115200n8 console=tty0 OS=l4t fbcon=map:0 net.ifnames=0 
## Flattened Device Tree blob at 80000000
   Booting using the fdt blob at 0x80000000
ERROR: reserving fdt memory region failed (addr=0 size=0)
ERROR: reserving fdt memory region failed (addr=0 size=0)
   Using Device Tree in place at 0000000080000000, end 000000008003ed98
copying carveout for /host1x@13e00000/display-hub@15200000/display@15200000...
copying carveout for /host1x@13e00000/display-hub@15200000/display@15210000...
copying carveout for /host1x@13e00000/display-hub@15200000/display@15220000...

Starting kernel ...

[    0.000000] Booting Linux on physical CPU 0x100
[    0.000000] Linux version 4.9.337-tegra (root@SWDEV4) (gcc version 7.3.1 20180425 [linaro-7.3-2018.05 revision d29120a424ecfbc167ef90065c0eeb7f91977701] (Linaro GCC 7.3-2018.05) ) #1 SMP PREEMPT Thu Jul 18 09:42:31 EDT 2024
[    0.000000] Boot CPU: AArch64 Processor [411fd073]
[    0.000000] OF: fdt:memory scan node memory@80000000, reg size 80,
[    0.000000] OF: fdt: - 80000000 ,  70000000
[    0.000000] OF: fdt: - f0200000 ,  145600000
[    0.000000] OF: fdt: - 235e00000 ,  200000
[    0.000000] OF: fdt: - 236600000 ,  200000
[    0.000000] OF: fdt: - 237000000 ,  200000
[    0.000000] earlycon: uart8250 at MMIO32 0x0000000003100000 (options '')
[    0.000000] bootconsole [uart8250] enabled
[    0.000000] Found tegra_fbmem2: 00800000@96088000
[    0.000000] Found lut_mem2: 00002008@96085000
[    3.287035] ina3221x 0-0042: ina3221 reset failure status: 0xffffff87
[    3.293878] ina3221x 0-0043: ina3221 reset failure status: 0xffffff87
[    4.375850] Kernel panic - not syncing: Attempted to kill init! exitcode=0x00007f00
[    4.375850] 
[    4.385129] CPU: 2 PID: 1 Comm: chroot Not tainted 4.9.337-tegra #1
[    4.391299] usb 1-2.2: New USB device found, idVendor=0461, idProduct=4e04
[    4.391302] usb 1-2.2: New USB device strings: Mfr=1, Product=2, SerialNumber=0
[    4.391305] usb 1-2.2: Product: USB NETVISTA FULL WIDTH KEYBOARD
[    4.391306] usb 1-2.2: Manufacturer: NOVATEK
[    4.395021] input: NOVATEK USB NETVISTA FULL WIDTH KEYBOARD as /devices/3530000.xhci/usb1/1-2/1-2.2/1-2.2:1.0/0003:0461:4E04.0002/input/input4
[    4.398654] tegra-pcie 10003000.pcie-controller: link 2 down, retrying
[    4.435738] Hardware name: storm (DT)
[    4.439452] Call trace:
[    4.441975] [<        (ptrval)>] dump_backtrace+0x0/0x198
[    4.447441] [<        (ptrval)>] show_stack+0x24/0x30
[    4.452555] [<        (ptrval)>] dump_stack+0xa0/0xc4
[    4.457676] [<        (ptrval)>] panic+0x128/0x2a4
[    4.460908] hid-generic 0003:0461:4E04.0002: input,hidraw1: USB HID v1.10 Keyboard [NOVATEK USB NETVISTA FULL WIDTH KEYBOARD] on usb-3530000.xhci-2.2/input0
[    4.465821] input: NOVATEK USB NETVISTA FULL WIDTH KEYBOARD as /devices/3530000.xhci/usb1/1-2/1-2.2/1-2.2:1.1/0003:0461:4E04.0003/input/input5
[    4.489580] [<        (ptrval)>] complete_and_exit+0x0/0x30
[    4.495221] [<        (ptrval)>] do_group_exit+0x40/0xa8
[    4.500599] [<        (ptrval)>] __wake_up_parent+0x0/0x40
[    4.506151] [<        (ptrval)>] el0_svc_naked+0x34/0x38
[    4.511530] SMP: stopping secondary CPUs
[    4.515528] Kernel Offset: disabled
[    4.519050] Memory Limit: none
[    4.522149] trusty-log panic notifier - trusty version Built: 16:08:32 Jun 11 2024 [    4.538394] Rebooting in 5 seconds..
[0000.043] C> I2C command failed
[0000.046] C> block index = (4) and rail_id = (1)
[0000.051] C> Addr: Reg = [0xe8:0x07]: 336166925
[0000.055] C> I2C command failed
[0000.058] C> block index = (5) and rail_id = (1)
[0000.063] C> Addr: Reg = [0xe8:0x07]: 336166925
[0000.210] I> Welcome to MB2(TBoot-BPMP)(version: 01.00.160913-t186-M-00.00-mobile-4f229333)
[0000.218] I> Boot-device: eMMC
[0000.226] I> sdmmc bdev is already initialized
[0000.230] I> pmic: reset reason (nverc): 0x0
[0000.263] I> Found 19 partitions in SDMMC_BOOT (instance 3)
[0000.283] I> Found 34 partitions in SDMMC_USER (instance 3)
[0000.289] I> MB2 check ECC error: EMC_INTSTATUS_0: 0x10
[0000.294] I> MB2 check ECC error: EMC_INTSTATUS_0: 0x0
[0000.299] I> MB2 check ECC error: EMC_INTSTATUS_0: 0x10
[0000.304] I> MB2 check ECC error: EMC_INTSTATUS_0: 0x0
[0000.309] I> OEM carveouts init scrub in progress...
[0000.385] I> MB2 check ECC error: EMC_INTSTATUS_0: 0x10
[0000.390] I> MB2 check ECC error: EMC_INTSTATUS_0: 0x0
[0000.395] I> MB2 check ECC error: EMC_INTSTATUS_0: 0x10
[0000.400] I> MB2 check ECC error: EMC_INTSTATUS_0: 0x0
[0000.405] I> Mb2 SDRAM scrub successful
[0000.409] I> A/B: bin_type (16) slot 1
[0000.413] I> Loading partition bpmp-fw_b at 0xd7800000
[0000.418] I> Reading two headers - addr:0xd7800000 blocks:1
[0000.423] I> Addr: 0xd7800000, start-block: 58778816, num_blocks: 1
[0000.448] I> Binary(16) of size 534416 is loaded @ 0xd7800000
[0000.453] I> A/B: bin_type (17) slot 1
[0000.457] I> Loading partition bpmp-fw-dtb_b at 0xd79f0000
[0000.462] I> Reading two headers - addr:0xd79f0000 blocks:1
[0000.468] I> Addr: 0xd79f0000, start-block: 58782072, num_blocks: 1
[0000.487] I> Binary(17) of size 113712 is loaded @ 0xd79e4200
[0000.539] I> Loading SCE-FW ...
[0000.542] I> A/B: bin_type (12) slot 1
[0000.546] I> Loading partition sce-fw_b at 0xd7300000
[0000.551] I> Reading two headers - addr:0xd7300000 blocks:1
[0000.556] I> Addr: 0xd7300000, start-block: 58788216, num_blocks: 1
[0000.575] I> Binary(12) of size 125632 is loaded @ 0xd7300000
[0000.581] I> Init SCE
[0000.583] I> Loading APE-FW ...
[0000.586] I> A/B: bin_type (11) slot 1
[0000.590] I> Loading partition adsp-fw_b at 0xd7400000
[0000.595] I> Reading two headers - addr:0xd7400000 blocks:1
[0000.601] I> Addr: 0xd7400000, start-block: 58769416, num_blocks: 1
[0000.619] I> Binary(11) of size 77216 is loaded @ 0xd7400000
[0000.625] I> Copy BTCM section
[0000.628] I> A/B: bin_type (13) slot 1
[0000.632] I> Loading partition cpu-bootloader_b at 0x96000000
[0000.638] I> Reading two headers - addr:0x96000000 blocks:1
[0000.643] I> Addr: 0x96000000, start-block: 58741768, num_blocks: 1
[0000.664] I> Binary(13) of size 309648 is loaded @ 0x96000000
[0000.670] I> A/B: bin_type (20) slot 1
[0000.673] I> Loading partition bootloader-dtb_b at 0x85205400
[0000.679] I> Reading two headers - addr:0x85205400 blocks:1
[0000.684] I> Addr: 0x85205400, start-block: 58743816, num_blocks: 1
[0000.704] I> Binary(20) of size 237056 is loaded @ 0x85205400
[0000.710] I> A/B: bin_type (14) slot 1
[0000.714] I> Loading partition secure-os_b at 0x85305600
[0000.719] I> Reading two headers - addr:0x85305600 blocks:1
[0000.724] I> Addr: 0x85305600, start-block: 58750984, num_blocks: 1
[0000.747] I> Binary(14) of size 406960 is loaded @ 0x85305600
[0000.754] I> TOS boot-params @ 0x85000000
[0000.758] I> TOS params prepared
[0000.761] I> Loading EKS ...
[0000.764] I> A/B: bin_type (15) slot 0
[0000.768] I> Loading partition eks at 0x85905800
[0000.772] I> Reading two headers - addr:0x85905800 blocks:1
[0000.778] I> Addr: 0x85905800, start-block: 58757128, num_blocks: 1
[0000.796] I> Binary(15) of size 1040 is loaded @ 0x85905800
[0000.802] I> EKB detected (length: 0x400) @ 0x85905800
[0000.807] I> Copied encrypted keys
[0000.811] I> boot profiler @ 0x235844000
[0000.814] I> boot profiler for TOS @ 0x235844000
[0000.819] I> Unhalting SCE
[0000.822] I> Primary Memory Start:80000000 Size:70000000
[0000.827] I> Extended Memory Start:f0110000 Size:1456f0000
[0000.834] I> MB2(TBoot-BPMP) done

NOTICE:  BL31: v1.3(release):c67386022
NOTICE:  BL31: Built : 16:06:30, Jun 11 2024
ipc-unittest-main: 1519: Welcome to IPC unittest!!!
ipc-unittest-main: 1531: waiting forever
ipc-unittest-srv: 329: Init unittest services!!!
hwkey-agent: 41: hwkey-agent is running!!
hwkey-agent: 347: key_mgnt_processing .......
hwkey-agent: 255: Setting EKB key 0 to slot 14
hwkey-agent: 178: Init hweky-agent services!!
luks-srv: 40: luks-srv is running!!
luks-srv: 157: Init luks-srv IPC services!!
platform_bootstrap_epilog: trusty bootstrap complete
[0001.035] I> Welcome to Cboot
[0001.038] I> Cboot Version: t186-8828c893
[0001.041] I> CPU-BL Params @ 0x235800000
[0001.045] I> Dram Scrub in progress
[0001.689] I> DRAM Scrub Successful
[0001.692] I>  0) Base:0x00000000 Size:0x00000000
[0001.696] I>  1) Base:0x237f00000 Size:0x00100000
[0001.701] I>  2) Base:0x237e00000 Size:0x00100000
[0001.705] I>  3) Base:0x237d00000 Size:0x00100000
[0001.710] I>  4) Base:0x237c00000 Size:0x00100000
[0001.714] I>  5) Base:0x237b00000 Size:0x00100000
[0001.719] I>  6) Base:0x237800000 Size:0x00200000
[0001.723] I>  7) Base:0x237400000 Size:0x00400000
[0001.728] I>  8) Base:0x237a00000 Size:0x00100000
[0001.732] I>  9) Base:0x237300000 Size:0x00100000
[0001.737] I> 10) Base:0x236800000 Size:0x00800000
[0001.741] I> 11) Base:0x30000000 Size:0x00040000
[0001.746] I> 12) Base:0xf0000000 Size:0x00100000
[0001.750] I> 13) Base:0x30040000 Size:0x00001000
[0001.755] I> 14) Base:0x30048000 Size:0x00001000
[0001.759] I> 15) Base:0x30049000 Size:0x00001000
[0001.764] I> 16) Base:0x3004a000 Size:0x00001000
[0001.768] I> 17) Base:0x3004b000 Size:0x00001000
[0001.772] I> 18) Base:0x3004c000 Size:0x00001000
[0001.777] I> 19) Base:0x3004d000 Size:0x00001000
[0001.781] I> 20) Base:0x3004e000 Size:0x00001000
[0001.786] I> 21) Base:0x3004f000 Size:0x00001000
[0001.790] I> 22) Base:0x00000000 Size:0x00000000
[0001.795] I> 23) Base:0xf0100000 Size:0x00010000
[0001.799] I> 24) Base:0x00000000 Size:0x00000000
[0001.803] I> 25) Base:0x00000000 Size:0x00000000
[0001.808] I> 26) Base:0x00000000 Size:0x00000000
[0001.812] I> 27) Base:0x00000000 Size:0x00000000
[0001.817] I> 28) Base:0x84400000 Size:0x00400000
[0001.821] I> 29) Base:0x30000000 Size:0x00010000
[0001.826] I> 30) Base:0x238000000 Size:0x08000000
[0001.830] I> 31) Base:0x00000000 Size:0x00000000
[0001.834] I> 32) Base:0x236000000 Size:0x00600000
[0001.839] I> 33) Base:0x80000000 Size:0x70000000
[0001.843] I> 34) Base:0xf0110000 Size:0x1456f0000
[0001.848] I> 35) Base:0x00000000 Size:0x00000000
[0001.852] I> 36) Base:0x00000000 Size:0x00000000
[0001.857] I> 37) Base:0x2372e0000 Size:0x00020000
[0001.861] I> 38) Base:0x84000000 Size:0x00400000
[0001.866] I> 39) Base:0x96000000 Size:0x02000000
[0001.870] I> 40) Base:0x85000000 Size:0x01200000
[0001.875] I> 41) Base:0x235800000 Size:0x00500000
[0001.879] I> 42) Base:0x00000000 Size:0x00000000
[0001.884] I> 43) Base:0x00000000 Size:0x00000000
[0001.888] GIC-SPI Target CPU: 4
[0001.891] Interrupts Init done
[0001.894] calling constructors
[0001.898] initializing heap
[0001.900] initializing threads
[0001.903] initializing timers
[0001.907] creating bootstrap completion thread
[0001.911] top of bootstrap2()
[0001.914] CPU: ARM Cortex A57
[0001.917] CPU: MIDR: 0x411FD073, MPIDR: 0x80000100
[0001.923] initializing platform
[0001.926] I> Bl_dtb @0x85205400
[0001.929] I> gpio framework initialized
[0001.934] I> tegrabl_gpio_driver_register: register 'nvidia,tegra186-gpio' driver
[0001.943] I> tegrabl_gpio_driver_register: register 'nvidia,tegra186-gpio-aon' driver
[0001.951] I> GPIO framework and drivers are initialized.
[0001.956] I> Boot-device: eMMC
[0001.963] I> sdmmc bdev is already initialized
[0001.993] I> Found 19 partitions in SDMMC_BOOT (instance 3)
[0002.011] I> Found 34 partitions in SDMMC_USER (instance 3)
[0002.017] W> opt-in fuse is not set, skip fuse_burning
[0002.021] I> Reserved memory at 0xfbe00000 for U-Boot relocation
[0002.033] I> A/B: bin_type (21) slot 1
[0002.037] I> Loading kernel-dtb_b from partition
[0002.041] I> Loading partition kernel-dtb_b at 0x80000000 from device(0x1)
[0002.058] I> Kernel_dtb @0x80000000
[0002.061] I> tegrabl_tca9539_init: i2c bus: 0, slave addr: 0xee
[0002.070] E> I2C: slave not found in slaves.
[0002.074] E> I2C: Could not write 0 bytes to slave: 0x00ee with repeat start false.
[0002.081] E> I2C_DEV: Failed to send register address 0x00000004.
[0002.087] E> I2C_DEV: Could not write 1 registers of size 1 to slave 0xee at 0x00000004 via instance 0.
[0002.097] E> tca9539_device_init: failed to write polar reg
[0002.102] E> tegrabl_tca9539_init: failed to init device!
[0002.107] I> tegrabl_tca9539_init: i2c bus: 0, slave addr: 0xe8
[0002.114] E> I2C: slave not found in slaves.
[0002.118] E> I2C: Could not write 0 bytes to slave: 0x00e8 with repeat start false.
[0002.126] E> I2C_DEV: Failed to send register address 0x00000004.
[0002.132] E> I2C_DEV: Could not write 1 registers of size 1 to slave 0xe8 at 0x00000004 via instance 0.
[0002.141] E> tca9539_device_init: failed to write polar reg
[0002.146] E> tegrabl_tca9539_init: failed to init device!
[0002.153] I> fixed regulator driver initialized
[0002.177] I> register 'maxim' power off handle
[0002.182] I> virtual i2c enabled
[0002.185] I> registered 'maxim,max77620' pmic
[0002.190] I> tegrabl_gpio_driver_register: register 'max77620-gpio' driver
[0002.200] E> failed to read label property for node 204284: 13
[0002.207] E> failed to read reg property for node 204380: 13
[0002.214] E> failed to read reg property for node 204432: 13
[0002.221] E> failed to read label property for node 204516: 13
[0002.228] E> failed to read label property for node 204584: 13
[0002.235] E> failed to read reg property for node 204652: 13
[0002.242] E> failed to read reg property for node 204724: 13
[0002.250] I> Find /i2c@c250000's alias i2c7
[0002.254] I> Reading eeprom i2c=7 address=0x50
[0002.283] I> Device at /i2c@c250000:0x50
[0002.287] I> Reading eeprom i2c=7 address=0x57
[0002.291] E> I2C: slave not found in slaves.
[0002.295] E> I2C: Could not write 0 bytes to slave: 0x00ae with repeat start true.
[0002.303] E> I2C_DEV: Failed to send register address 0x00000000.
[0002.309] E> I2C_DEV: Could not read 256 registers of size 1 from slave 0xae at 0x00000000 via instance 7.
[0002.318] E> eeprom: Failed to read I2C slave device
[0002.323] I> Eeprom read failed 0x3526070d
[0002.328] I> Find /i2c@c240000's alias i2c1
[0002.332] I> Reading eeprom i2c=1 address=0x51
[0002.337] E> I2C: slave not found in slaves.
[0002.341] E> I2C: Could not write 0 bytes to slave: 0x00a2 with repeat start true.
[0002.348] E> I2C_DEV: Failed to send register address 0x00000000.
[0002.354] E> I2C_DEV: Could not read 256 registers of size 1 from slave 0xa2 at 0x00000000 via instance 1.
[0002.364] E> eeprom: Retry to read I2C slave device.
[0002.369] E> I2C: slave not found in slaves.
[0002.373] E> I2C: Could not write 0 bytes to slave: 0x00a2 with repeat start true.
[0002.381] E> I2C_DEV: Failed to send register address 0x00000000.
[0002.386] E> I2C_DEV: Could not read 256 registers of size 1 from slave 0xa2 at 0x00000000 via instance 1.
[0002.396] E> eeprom: Failed to read I2C slave device
[0002.401] I> Eeprom read failed 0x3526070d
[0002.405] I> Find /i2c@3160000's alias i2c0
[0002.409] I> Reading eeprom i2c=0 address=0x50
[0002.414] E> I2C: slave not found in slaves.
[0002.418] E> I2C: Could not write 0 bytes to slave: 0x00a0 with repeat start true.
[0002.425] E> I2C_DEV: Failed to send register address 0x00000000.
[0002.431] E> I2C_DEV: Could not read 256 registers of size 1 from slave 0xa0 at 0x00000000 via instance 0.
[0002.441] E> eeprom: Failed to read I2C slave device
[0002.445] I> Eeprom read failed 0x3526070d
[0002.450] I> Find /i2c@3180000's alias i2c2
[0002.454] I> Reading eeprom i2c=2 address=0x54
[0002.458] I> Enabling gpio chip_id = 2, gpio pin = 9
[0002.463] C> GPIO driver for chip_id 0x2 could not be found
[0002.469] E> cam_eeprom_read: Can't get gpio driver
[0002.473] I> Eeprom read failed 0x4d4d000d
[0002.477] I> Reading eeprom i2c=2 address=0x57
[0002.481] I> Enabling gpio chip_id = 2, gpio pin = 9
[0002.486] C> GPIO driver for chip_id 0x2 could not be found
[0002.492] E> cam_eeprom_read: Can't get gpio driver
[0002.496] I> Eeprom read failed 0x4d4d000d
[0002.500] I> create_pm_ids: id: 3489-0000-311-J, len: 15
[0002.505] I> config: mem-type:00,power-config:00,misc-config:00,modem-config:00,touch-config:00,display-config:00,, len: 93
[0002.529] I> regulator 'vdd-hdmi' already enabled
[0002.540] I> regulator 'vdd-hdmi' already enabled
[0002.545] I> hdmi cable connected
[0002.550] I> setting 'vdd-pex-1v00' regulator to 1000000 micro volts
[0002.558] I> setting 'vdd-1v8' regulator to 1800000 micro volts
[0002.563] I> retrieved tmds range from prod_list_hdmi_soc
[0002.570] E> cannot find any other nvdisp nodes
[0002.590] I> edid read success
[0002.605] I> edid read success
[0002.608] I> width = 640, height = 480, frequency = 25174825
[0002.613] I> width = 640, height = 480, frequency = 25174825
[0002.619] I> width = 1920, height = 1080, frequency = 148500000
[0002.625] I> width = 1920, height = 1080, frequency = 148500000
[0002.630] I> width = 1920, height = 1080, frequency = 148351648
[0002.636] I> width = 1280, height = 720, frequency = 74175824
[0002.642] I> width = 720, height = 480, frequency = 26973026
[0002.647] I> width = 720, height = 480, frequency = 26973026
[0002.653] I> width = 640, height = 480, frequency = 25174825
[0002.658] I> width = 1920, height = 1080, frequency = 148351648
[0002.664] I> width = 720, height = 576, frequency = 26973026
[0002.669] I> width = 1280, height = 720, frequency = 74175824
[0002.675] I> Best mode Width = 1920, Height = 1080, freq = 148351648
[0002.685] I> hdmi_enable, starting HDMI initialisation
[0002.693] I> hdmi_enable, HDMI initialisation complete
[0002.705] initializing target
[0002.709] calling apps_init()
[0002.712] starting app kernel_boot_app
[0002.734] I> found decompressor handler: lz4-legacy
[0002.738] I> decompressing BMP blob ...
[0002.811] I> Kernel type = Normal
[0002.814] I> ########## Fixed storage boot ##########
[0002.819] I> Loading kernel-bootctrl from partition
[0002.823] I> Loading partition kernel-bootctrl at 0xa8000000 from device(0x1)
[0002.837] W> tegrabl_get_kernel_bootctrl: magic number(0x00000000) is invalid
[0002.844] W> tegrabl_get_kernel_bootctrl: use default dummy boot control data
[0002.851] I> A/B: bin_type (24) slot 1
[0002.867] I> Boot image size read from image header: 990e5
[0002.872] I> Boot image load address: 0x80400000
[0002.877] I> Loading kernel_b from partition
[0002.881] I> Loading partition kernel_b at 0x80400000 from device(0x1)
[0003.843] I> Validate kernel ...
[0003.846] I> T18x: Authenticate kernel (bin_type 24), max size 0x4000000
[0003.853] I> Decrypt the buffer ... [0003.857] W> tegrabl_decrypt_block: fuse (0x0) is not burnt to do encryption (0x4); skip decryption.
[0003.866] I> done
[0003.867] I> Checking boot.img header magic ... [0003.872] I> [OK]
[0003.873] I> kernel-dtb is already loaded
[0003.877] I> Validate kernel-dtb ...
[0003.881] I> T18x: Authenticate kernel-dtb (bin_type 21), max size 0x100000
[0003.888] I> Decrypt the buffer ... [0003.891] W> tegrabl_decrypt_block: fuse (0x0) is not burnt to do encryption (0x4); skip decryption.
[0003.900] I> done
[0003.902] I> Kernel hdr @0x80400000
[0003.905] I> Kernel dtb @0x80000000
[0003.908] I> decompressor handler not found
[0003.912] I> Copying kernel image (626917 bytes) from 0x80400800 to 0x80600000 ... [0003.920] I> Done
[0003.922] I> Move ramdisk (len: 0) from 0x8049a000 to 0x947d0000
[0003.929] I> Updated bpmp info to DTB
[0003.933] I> Ramdisk: Base: 0x947d0000; Size: 0x0
[0003.938] I> Updated initrd info to DTB
[0003.942] W> WARN: Fail to override "console=none" in commandline
[0003.948] I> Active rootfs suffix: _b
[0003.951] W> tegrabl_linuxboot_add_disp_param, du 1 failed to get display params
[0003.958] W> tegrabl_linuxboot_add_disp_param, du 1 failed to get display params
[0003.965] I> disabled_core_mask: 0xffffff0c
[0003.969] I> Active slot suffix: _b
[0003.973] I> add_boot_slot_suffix: slot_suffix = _b
[0003.977] I> Linux Cmdline: console=ttyS0,115200 androidboot.presilicon=true firmware_class.path=/etc/firmware root=PARTUUID=7124d971-aa6d-489f-94d8-3d7ec6645d17 rw rootwait rootfstype=ext4 console=ttyS0,115200n8 console=tty0 OS=l4t fbcon=map:0 net.ifnames=0  video=tegrafb earlycon=uart8250,mmio32,0x3100000 nvdumper_reserved=0x2372e0000 gpt rootfs.slot_suffix=_b tegra_fbmem2=0x800000@0x96088000 lut_mem2=0x2008@0x96085000 usbcore.old_scheme_first=1 tegraid=18.1.2.0.0 maxcpus=6 no_console_suspend boot.slot_suffix=_b boot.ratchetvalues=0.2031647.1 vpr_resize bl_prof_dataptr=0x10000@0x235840000 sdhci_tegra.en_boot_part_access=1 
[0004.033] I> Updated bootarg info to DTB
[0004.036] W> MAC addr invalid!
[0004.039] E> Failed to get WIFI MAC address
[0004.043] W> MAC addr invalid!
[0004.046] E> Failed to get Bluetooth MAC address
[0004.051] I> eeprom_get_mac_addr: MAC (type: 2): 3c:6d:66:08:5e:f6
[0004.057] E> Found no plugin manager ids in source DT
[0004.062] W> Add plugin manager ids from board info
[0004.066] W> "plugin-manager" doesn't exist, creating
[0004.071] W> "ids" doesn't exist, creating
[0004.075] W> "connection" doesn't exist, creating
[0004.080] W> "configs" doesn't exist, creating
[0004.084] I> create_pm_ids: id: 3489-0000-311-J, len: 15
[0004.089] I> config: mem-type:00,power-config:00,misc-config:00,modem-config:00,touch-config:00,display-config:00,, len: 93
[0004.100] I> Adding plugin-manager/ids/3489-0000-311=/i2c@c250000:module@0x50
[0004.107] W> "i2c@c250000" doesn't exist, creating
[0004.112] W> "module@0x50" doesn't exist, creating
[0004.118] I> Adding plugin-manager/ids/3489-0000-311-J
[0004.124] I> Adding plugin-manager/configs/3489-mem-type 00
[0004.129] I> Adding plugin-manager/configs/3489-power-config 00
[0004.135] I> Adding plugin-manager/configs/3489-misc-config 00
[0004.141] I> Adding plugin-manager/configs/3489-modem-config 00
[0004.147] I> Adding plugin-manager/configs/3489-touch-config 00
[0004.153] I> Adding plugin-manager/configs/3489-display-config 00
[0004.159] I> Adding plugin-manager/cvm
[0004.163] W> "chip-id" doesn't exist, creating
[0004.167] I> Adding plugin-manager/chip-id/A02P
[0004.171] W> "odm-data" doesn't exist, creating
[0004.176] I> Adding /chosen/plugin-manager/odm-data
[0004.184] I> added [base:0x80000000, size:0x70000000] to /memory
[0004.190] I> added [base:0xf0200000, size:0x145600000] to /memory
[0004.196] I> added [base:0x235e00000, size:0x200000] to /memory
[0004.201] I> added [base:0x236600000, size:0x200000] to /memory
[0004.207] I> added [base:0x237000000, size:0x200000] to /memory
[0004.213] I> Updated memory info to DTB
[0004.217] W> add_disp_param: failed to get display params for du=1
[0004.224] W> "reset" doesn't exist, creating
[0004.228] W> "pmc-reset-reason" doesn't exist, creating
[0004.234] W> "pmic-reset-reason" doesn't exist, creating
[0004.240] I> Adding ecid(00000001642975800000000007008440) to DT
[0004.245] I> disabled_core_mask: 0xffffff0c
[0004.254] I> Add serial number:1424124605209 as DT property
[0004.262] I> Plugin-manager override starting
[0004.267] I> node /plugin-manager/fragement@0 matches
[0004.275] I> node /plugin-manager/fragement@4 matches
[0004.293] I> Disable plugin-manager status in FDT
[0004.298] I> Plugin-manager override finished successfully
[0004.303] I> tegrabl_load_kernel_and_dtb: Done
[0004.307] I> SMD partition is updated.
[0004.376] I> Kernel EP: 0x80600000, DTB: 0x80000000


U-Boot 2020.04-g4335beb692 (Jun 11 2024 - 16:06:35 -0700)

SoC: tegra186
Model: NVIDIA P2771-0000-500
Board: NVIDIA P2771-0000
DRAM:  6.8 GiB
MMC:   sdhci@3400000: 1, sdhci@3460000: 0
Loading Environment from MMC... *** Warning - bad CRC, using default environment

In:    serial
Out:   serial
Err:   serial
Net:   
Warning: ethernet@2490000 using MAC address from ROM
eth0: ethernet@2490000
Hit any key to stop autoboot:  2  1  0 
MMC: no card present
switch to partitions #0, OK
mmc0(part 0) is current device
Scanning mmc 0:2...
Found /boot/extlinux/extlinux.conf
Retrieving file: /boot/extlinux/extlinux.conf
883 bytes read in 27 ms (31.3 KiB/s)
1:primary kernel
Retrieving file: /boot/initrd
7238967 bytes read in 219 ms (31.5 MiB/s)
Retrieving file: /boot/Image
34412552 bytes read in 838 ms (39.2 MiB/s)
append: console=ttyS0,115200 androidboot.presilicon=true firmware_class.path=/etc/firmware root=PARTUUID=7124d971-aa6d-489f-94d8-3d7ec6645d17 rw rootwait rootfstype=ext4 console=ttyS0,115200n8 console=tty0 OS=l4t fbcon=map:0 net.ifnames=0  video=tegrafb earlycon=uart8250,mmio32,0x3100000 nvdumper_reserved=0x2372e0000 gpt rootfs.slot_suffix=_b tegra_fbmem2=0x800000@0x96088000 lut_mem2=0x2008@0x96085000 usbcore.old_scheme_first=1 tegraid=18.1.2.0.0 maxcpus=6 no_console_suspend boot.slot_suffix=_b boot.ratchetvalues=0.2031647.1 vpr_resize bl_prof_dataptr=0x10000@0x235840000 sdhci_tegra.en_boot_part_access=1 quiet root=PARTUUID=7124d971-aa6d-489f-94d8-3d7ec6645d17 rw rootwait rootfstype=ext4 console=ttyS0,115200n8 console=tty0 OS=l4t fbcon=map:0 net.ifnames=0 
## Flattened Device Tree blob at 80000000
   Booting using the fdt blob at 0x80000000
ERROR: reserving fdt memory region failed (addr=0 size=0)
ERROR: reserving fdt memory region failed (addr=0 size=0)
   Using Device Tree in place at 0000000080000000, end 000000008003ed98
copying carveout for /host1x@13e00000/display-hub@15200000/display@15200000...
copying carveout for /host1x@13e00000/display-hub@15200000/display@15210000...
copying carveout for /host1x@13e00000/display-hub@15200000/display@15220000...

Starting kernel ...

[    0.000000] Booting Linux on physical CPU 0x100
[    0.000000] Linux version 4.9.337-tegra (root@SWDEV4) (gcc version 7.3.1 20180425 [linaro-7.3-2018.05 revision d29120a424ecfbc167ef90065c0eeb7f91977701] (Linaro GCC 7.3-2018.05) ) #1 SMP PREEMPT Thu Jul 18 09:42:31 EDT 2024
[    0.000000] Boot CPU: AArch64 Processor [411fd073]
[    0.000000] OF: fdt:memory scan node memory@80000000, reg size 80,
[    0.000000] OF: fdt: - 80000000 ,  70000000
[    0.000000] OF: fdt: - f0200000 ,  145600000
[    0.000000] OF: fdt: - 235e00000 ,  200000
[    0.000000] OF: fdt: - 236600000 ,  200000
[    0.000000] OF: fdt: - 237000000 ,  200000
[    0.000000] earlycon: uart8250 at MMIO32 0x0000000003100000 (options '')
[    0.000000] bootconsole [uart8250] enabled
[    0.000000] Found tegra_fbmem2: 00800000@96088000
[    0.000000] Found lut_mem2: 00002008@96085000
[    3.347168] ina3221x 0-0042: ina3221 reset failure status: 0xffffff87
[    3.347493] ina3221x 0-0043: ina3221 reset failure status: 0xffffff87
[    4.365065] Kernel panic - not syncing: Attempted to kill init! exitcode=0x00007f00
[    4.365065] 
[    4.374231] CPU: 5 PID: 1 Comm: chroot Not tainted 4.9.337-tegra #1
[    4.380512] Hardware name: storm (DT)
[    4.384183] Call trace:
[    4.386641] [<        (ptrval)>] dump_backtrace+0x0/0x198
[    4.392053] [<        (ptrval)>] show_stack+0x24/0x30
[    4.397118] [<        (ptrval)>] dump_stack+0xa0/0xc4
[    4.402182] [<        (ptrval)>] panic+0x128/0x2a4
[    4.406986] [<        (ptrval)>] complete_and_exit+0x0/0x30
[    4.412572] [<        (ptrval)>] do_group_exit+0x40/0xa8
[    4.415994] usb 1-2.2: new low-speed USB device number 4 using tegra-xusb
[    4.424695] [<        (ptrval)>] __wake_up_parent+0x0/0x40
[    4.430194] [<        (ptrval)>] el0_svc_naked+0x34/0x38
[    4.435520] SMP: stopping secondary CPUs
[    4.439462] Kernel Offset: disabled
[    4.442958] Memory Limit: none
[    4.446017] trusty-log panic notifier - trusty version Built: 16:08:32 Jun 11 2024 [    4.458153] Rebooting in 5 seconds..
[0000.043] C> I2C command failed
[0000.046] C> block index = (4) and rail_id = (1)
[0000.051] C> Addr: Reg = [0xe8:0x07]: 336166925
[0000.055] C> I2C command failed
[0000.058] C> block index = (5) and rail_id = (1)
[0000.063] C> Addr: Reg = [0xe8:0x07]: 336166925
[0000.210] I> Welcome to MB2(TBoot-BPMP)(version: 01.00.160913-t186-M-00.00-mobile-4f229333)
[0000.218] I> Boot-device: eMMC
[0000.226] I> sdmmc bdev is already initialized
[0000.230] I> pmic: reset reason (nverc): 0x0
[0000.263] I> Found 19 partitions in SDMMC_BOOT (instance 3)
[0000.283] I> Found 34 partitions in SDMMC_USER (instance 3)
[0000.289] I> MB2 check ECC error: EMC_INTSTATUS_0: 0x10
[0000.294] I> MB2 check ECC error: EMC_INTSTATUS_0: 0x0
[0000.299] I> MB2 check ECC error: EMC_INTSTATUS_0: 0x10
